Component: ARM Compiler 5.06 update 1 (build 61) Tool: armlink [4d35a8]

==============================================================================

Section Cross References

    startup_stm32f407xx.o(STACK) refers (Special) to heapauxi.o(.text) for __use_two_region_memory
    startup_stm32f407xx.o(HEAP) refers (Special) to heapauxi.o(.text) for __use_two_region_memory
    startup_stm32f407xx.o(RESET) refers (Special) to heapauxi.o(.text) for __use_two_region_memory
    startup_stm32f407xx.o(RESET) refers to startup_stm32f407xx.o(STACK) for __initial_sp
    startup_stm32f407xx.o(RESET) refers to startup_stm32f407xx.o(.text) for Reset_Handler
    startup_stm32f407xx.o(RESET) refers to stm32f4xx_it.o(i.NMI_Handler) for NMI_Handler
    startup_stm32f407xx.o(RESET) refers to stm32f4xx_it.o(i.HardFault_Handler) for HardFault_Handler
    startup_stm32f407xx.o(RESET) refers to stm32f4xx_it.o(i.MemManage_Handler) for MemManage_Handler
    startup_stm32f407xx.o(RESET) refers to stm32f4xx_it.o(i.BusFault_Handler) for BusFault_Handler
    startup_stm32f407xx.o(RESET) refers to stm32f4xx_it.o(i.UsageFault_Handler) for UsageFault_Handler
    startup_stm32f407xx.o(RESET) refers to port.o(.emb_text) for SVC_Handler
    startup_stm32f407xx.o(RESET) refers to stm32f4xx_it.o(i.DebugMon_Handler) for DebugMon_Handler
    startup_stm32f407xx.o(RESET) refers to port.o(i.SysTick_Handler) for SysTick_Handler
    startup_stm32f407xx.o(RESET) refers to stm32f4xx_it.o(i.EXTI0_IRQHandler) for EXTI0_IRQHandler
    startup_stm32f407xx.o(RESET) refers to stm32f4xx_it.o(i.EXTI3_IRQHandler) for EXTI3_IRQHandler
    startup_stm32f407xx.o(RESET) refers to stm32f4xx_it.o(i.EXTI4_IRQHandler) for EXTI4_IRQHandler
    startup_stm32f407xx.o(RESET) refers to stm32f4xx_it.o(i.CAN1_RX0_IRQHandler) for CAN1_RX0_IRQHandler
    startup_stm32f407xx.o(RESET) refers to stm32f4xx_it.o(i.EXTI9_5_IRQHandler) for EXTI9_5_IRQHandler
    startup_stm32f407xx.o(RESET) refers to remote_control.o(i.USART3_IRQHandler) for USART3_IRQHandler
    startup_stm32f407xx.o(RESET) refers to stm32f4xx_it.o(i.TIM8_TRG_COM_TIM14_IRQHandler) for TIM8_TRG_COM_TIM14_IRQHandler
    startup_stm32f407xx.o(RESET) refers to bsp_i2c.o(i.DMA1_Stream7_IRQHandler) for DMA1_Stream7_IRQHandler
    startup_stm32f407xx.o(RESET) refers to stm32f4xx_it.o(i.DMA2_Stream1_IRQHandler) for DMA2_Stream1_IRQHandler
    startup_stm32f407xx.o(RESET) refers to ins_task.o(i.DMA2_Stream2_IRQHandler) for DMA2_Stream2_IRQHandler
    startup_stm32f407xx.o(RESET) refers to stm32f4xx_it.o(i.CAN2_RX0_IRQHandler) for CAN2_RX0_IRQHandler
    startup_stm32f407xx.o(RESET) refers to stm32f4xx_it.o(i.OTG_FS_IRQHandler) for OTG_FS_IRQHandler
    startup_stm32f407xx.o(RESET) refers to stm32f4xx_it.o(i.DMA2_Stream5_IRQHandler) for DMA2_Stream5_IRQHandler
    startup_stm32f407xx.o(RESET) refers to stm32f4xx_it.o(i.DMA2_Stream6_IRQHandler) for DMA2_Stream6_IRQHandler
    startup_stm32f407xx.o(RESET) refers to stm32f4xx_it.o(i.DMA2_Stream7_IRQHandler) for DMA2_Stream7_IRQHandler
    startup_stm32f407xx.o(.text) refers (Special) to heapauxi.o(.text) for __use_two_region_memory
    startup_stm32f407xx.o(.text) refers to system_stm32f4xx.o(i.SystemInit) for SystemInit
    startup_stm32f407xx.o(.text) refers to __main.o(!!!main) for __main
    startup_stm32f407xx.o(.text) refers to startup_stm32f407xx.o(HEAP) for Heap_Mem
    startup_stm32f407xx.o(.text) refers to startup_stm32f407xx.o(STACK) for Stack_Mem
    main.o(i.HAL_TIM_PeriodElapsedCallback) refers to stm32f4xx_hal.o(i.HAL_IncTick) for HAL_IncTick
    main.o(i.SystemClock_Config) refers to rt_memclr_w.o(.text) for __aeabi_memclr4
    main.o(i.SystemClock_Config) refers to stm32f4xx_hal_rcc.o(i.HAL_RCC_OscConfig) for HAL_RCC_OscConfig
    main.o(i.SystemClock_Config) refers to main.o(i.Error_Handler) for Error_Handler
    main.o(i.SystemClock_Config) refers to stm32f4xx_hal_rcc.o(i.HAL_RCC_ClockConfig) for HAL_RCC_ClockConfig
    main.o(i.SystemClock_Config) refers to stm32f4xx_hal_rcc_ex.o(i.HAL_RCCEx_PeriphCLKConfig) for HAL_RCCEx_PeriphCLKConfig
    main.o(i.main) refers to stm32f4xx_hal.o(i.HAL_Init) for HAL_Init
    main.o(i.main) refers to main.o(i.SystemClock_Config) for SystemClock_Config
    main.o(i.main) refers to gpio.o(i.MX_GPIO_Init) for MX_GPIO_Init
    main.o(i.main) refers to dma.o(i.MX_DMA_Init) for MX_DMA_Init
    main.o(i.main) refers to adc.o(i.MX_ADC1_Init) for MX_ADC1_Init
    main.o(i.main) refers to adc.o(i.MX_ADC3_Init) for MX_ADC3_Init
    main.o(i.main) refers to can.o(i.MX_CAN1_Init) for MX_CAN1_Init
    main.o(i.main) refers to can.o(i.MX_CAN2_Init) for MX_CAN2_Init
    main.o(i.main) refers to i2c.o(i.MX_I2C1_Init) for MX_I2C1_Init
    main.o(i.main) refers to spi.o(i.MX_SPI1_Init) for MX_SPI1_Init
    main.o(i.main) refers to tim.o(i.MX_TIM4_Init) for MX_TIM4_Init
    main.o(i.main) refers to tim.o(i.MX_TIM5_Init) for MX_TIM5_Init
    main.o(i.main) refers to usart.o(i.MX_USART3_UART_Init) for MX_USART3_UART_Init
[...]
    0x08004816   0x08004816   0x00000002   Code   RO         7244    i.HAL_CAN_TxMailbox2AbortCallback  stm32f4xx_hal_can.o
    0x08004818   0x08004818   0x00000002   Code   RO         7245    i.HAL_CAN_TxMailbox2CompleteCallback  stm32f4xx_hal_can.o
    0x0800481a   0x0800481a   0x00000002   Code   RO         7247    i.HAL_CAN_WakeUpFromRxMsgCallback  stm32f4xx_hal_can.o
    0x0800481c   0x0800481c   0x00000028   Code   RO         7450    i.HAL_CRC_Init      stm32f4xx_hal_crc.o
    0x08004844   0x08004844   0x00000034   Code   RO          590    i.HAL_CRC_MspInit   crc.o
    0x08004878   0x08004878   0x000001ec   Code   RO         6277    i.HAL_DMA_IRQHandler  stm32f4xx_hal_dma.o
    0x08004a64   0x08004a64   0x000000ec   Code   RO         6278    i.HAL_DMA_Init      stm32f4xx_hal_dma.o
    0x08004b50   0x08004b50   0x0000007a   Code   RO         6282    i.HAL_DMA_Start_IT  stm32f4xx_hal_dma.o
    0x08004bca   0x08004bca   0x00000002   PAD
    0x08004bcc   0x08004bcc   0x00000028   Code   RO         6686    i.HAL_Delay         stm32f4xx_hal.o
    0x08004bf4   0x08004bf4   0x000000ac   Code   RO         6051    i.HAL_FLASHEx_Erase  stm32f4xx_hal_flash_ex.o
    0x08004ca0   0x08004ca0   0x00000014   Code   RO         5930    i.HAL_FLASH_Lock    stm32f4xx_hal_flash.o
    0x08004cb4   0x08004cb4   0x00000080   Code   RO         5935    i.HAL_FLASH_Program  stm32f4xx_hal_flash.o
    0x08004d34   0x08004d34   0x00000034   Code   RO         5937    i.HAL_FLASH_Unlock  stm32f4xx_hal_flash.o
    0x08004d68   0x08004d68   0x000000b8   Code   RO         2994    i.HAL_GPIO_EXTI_Callback  ins_task.o
    0x08004e20   0x08004e20   0x00000018   Code   RO         6164    i.HAL_GPIO_EXTI_IRQHandler  stm32f4xx_hal_gpio.o
    0x08004e38   0x08004e38   0x00000200   Code   RO         6165    i.HAL_GPIO_Init     stm32f4xx_hal_gpio.o
    0x08005038   0x08005038   0x0000000e   Code   RO         6169    i.HAL_GPIO_WritePin  stm32f4xx_hal_gpio.o
    0x08005046   0x08005046   0x00000002   PAD
    0x08005048   0x08005048   0x0000000c   Code   RO         6692    i.HAL_GetTick       stm32f4xx_hal.o
    0x08005054   0x08005054   0x00000198   Code   RO         7517    i.HAL_I2C_Init      stm32f4xx_hal_i2c.o
    0x080051ec   0x080051ec   0x00000160   Code   RO         7530    i.HAL_I2C_Master_Transmit  stm32f4xx_hal_i2c.o
    0x0800534c   0x0800534c   0x000002c0   Code   RO         7535    i.HAL_I2C_Mem_Read  stm32f4xx_hal_i2c.o
    0x0800560c   0x0800560c   0x00000174   Code   RO         7538    i.HAL_I2C_Mem_Write  stm32f4xx_hal_i2c.o
    0x08005780   0x08005780   0x00000208   Code   RO          656    i.HAL_I2C_MspInit   i2c.o
    0x08005988   0x08005988   0x00000010   Code   RO         6698    i.HAL_IncTick       stm32f4xx_hal.o
    0x08005998   0x08005998   0x00000034   Code   RO         6699    i.HAL_Init          stm32f4xx_hal.o
    0x080059cc   0x080059cc   0x0000008c   Code   RO         1521    i.HAL_InitTick      stm32f4xx_hal_timebase_tim.o
    0x08005a58   0x08005a58   0x00000054   Code   RO         1497    i.HAL_MspInit       stm32f4xx_hal_msp.o
    0x08005aac   0x08005aac   0x0000001c   Code   RO         6554    i.HAL_NVIC_EnableIRQ  stm32f4xx_hal_cortex.o
    0x08005ac8   0x08005ac8   0x00000068   Code   RO         6560    i.HAL_NVIC_SetPriority  stm32f4xx_hal_cortex.o
    0x08005b30   0x08005b30   0x00000024   Code   RO         6561    i.HAL_NVIC_SetPriorityGrouping  stm32f4xx_hal_cortex.o
    0x08005b54   0x08005b54   0x00000002   Code   RO         5418    i.HAL_PCDEx_LPM_Callback  stm32f4xx_hal_pcd_ex.o
    0x08005b56   0x08005b56   0x00000008   Code   RO         5419    i.HAL_PCDEx_SetRxFiFo  stm32f4xx_hal_pcd_ex.o
    0x08005b5e   0x08005b5e   0x0000004a   Code   RO         5420    i.HAL_PCDEx_SetTxFiFo  stm32f4xx_hal_pcd_ex.o
    0x08005ba8   0x08005ba8   0x0000000e   Code   RO         1007    i.HAL_PCD_ConnectCallback  usbd_conf.o
    0x08005bb6   0x08005bb6   0x00000020   Code   RO         1008    i.HAL_PCD_DataInStageCallback  usbd_conf.o
    0x08005bd6   0x08005bd6   0x00000020   Code   RO         1009    i.HAL_PCD_DataOutStageCallback  usbd_conf.o
    0x08005bf6   0x08005bf6   0x0000000e   Code   RO         1010    i.HAL_PCD_DisconnectCallback  usbd_conf.o
    0x08005c04   0x08005c04   0x0000004a   Code   RO         5201    i.HAL_PCD_EP_Close  stm32f4xx_hal_pcd.o
    0x08005c4e   0x08005c4e   0x0000005c   Code   RO         5202    i.HAL_PCD_EP_ClrStall  stm32f4xx_hal_pcd.o
    0x08005caa   0x08005caa   0x00000012   Code   RO         5204    i.HAL_PCD_EP_GetRxCount  stm32f4xx_hal_pcd.o
    0x08005cbc   0x08005cbc   0x0000005c   Code   RO         5205    i.HAL_PCD_EP_Open   stm32f4xx_hal_pcd.o
    0x08005d18   0x08005d18   0x00000046   Code   RO         5206    i.HAL_PCD_EP_Receive  stm32f4xx_hal_pcd.o
    0x08005d5e   0x08005d5e   0x00000074   Code   RO         5207    i.HAL_PCD_EP_SetStall  stm32f4xx_hal_pcd.o
    0x08005dd2   0x08005dd2   0x00000046   Code   RO         5208    i.HAL_PCD_EP_Transmit  stm32f4xx_hal_pcd.o
    0x08005e18   0x08005e18   0x0000042e   Code   RO         5210    i.HAL_PCD_IRQHandler  stm32f4xx_hal_pcd.o
    0x08006246   0x08006246   0x00000012   Code   RO         1011    i.HAL_PCD_ISOINIncompleteCallback  usbd_conf.o
    0x08006258   0x08006258   0x00000012   Code   RO         1012    i.HAL_PCD_ISOOUTIncompleteCallback  usbd_conf.o
    0x0800626a   0x0800626a   0x00000140   Code   RO         5213    i.HAL_PCD_Init      stm32f4xx_hal_pcd.o
    0x080063aa   0x080063aa   0x00000002   PAD
    0x080063ac   0x080063ac   0x000000a8   Code   RO         1014    i.HAL_PCD_MspInit   usbd_conf.o
    0x08006454   0x08006454   0x00000030   Code   RO         1015    i.HAL_PCD_ResetCallback  usbd_conf.o
    0x08006484   0x08006484   0x0000000e   Code   RO         1016    i.HAL_PCD_ResumeCallback  usbd_conf.o
    0x08006492   0x08006492   0x0000000e   Code   RO         1017    i.HAL_PCD_SOFCallback  usbd_conf.o
    0x080064a0   0x080064a0   0x00000028   Code   RO         5219    i.HAL_PCD_SetAddress  stm32f4xx_hal_pcd.o
    0x080064c8   0x080064c8   0x00000012   Code   RO         1018    i.HAL_PCD_SetupStageCallback  usbd_conf.o
    0x080064da   0x080064da   0x00000042   Code   RO         5221    i.HAL_PCD_Start     stm32f4xx_hal_pcd.o
    0x0800651c   0x0800651c   0x00000034   Code   RO         1019    i.HAL_PCD_SuspendCallback  usbd_conf.o
    0x08006550   0x08006550   0x0000017c   Code   RO         5871    i.HAL_RCCEx_PeriphCLKConfig  stm32f4xx_hal_rcc_ex.o
    0x080066cc   0x080066cc   0x00000174   Code   RO         5766    i.HAL_RCC_ClockConfig  stm32f4xx_hal_rcc.o
    0x08006840   0x08006840   0x0000003c   Code   RO         5770    i.HAL_RCC_GetClockConfig  stm32f4xx_hal_rcc.o
    0x0800687c   0x0800687c   0x0000000c   Code   RO         5771    i.HAL_RCC_GetHCLKFreq  stm32f4xx_hal_rcc.o
    0x08006888   0x08006888   0x00000020   Code   RO         5773    i.HAL_RCC_GetPCLK1Freq  stm32f4xx_hal_rcc.o
    0x080068a8   0x080068a8   0x00000020   Code   RO         5774    i.HAL_RCC_GetPCLK2Freq  stm32f4xx_hal_rcc.o
    0x080068c8   0x080068c8   0x00000070   Code   RO         5775    i.HAL_RCC_GetSysClockFreq  stm32f4xx_hal_rcc.o
    0x08006938   0x08006938   0x00000436   Code   RO         5778    i.HAL_RCC_OscConfig  stm32f4xx_hal_rcc.o
    0x08006d6e   0x08006d6e   0x00000034   Code   RO         7995    i.HAL_RNG_Init      stm32f4xx_hal_rng.o
    0x08006da2   0x08006da2   0x00000002   PAD
    0x08006da4   0x08006da4   0x00000034   Code   RO          710    i.HAL_RNG_MspInit   rng.o
    0x08006dd8   0x08006dd8   0x000000ba   Code   RO         8096    i.HAL_RTC_Init      stm32f4xx_hal_rtc.o
    0x08006e92   0x08006e92   0x00000002   PAD
    0x08006e94   0x08006e94   0x00000018   Code   RO          752    i.HAL_RTC_MspInit   rtc.o
    0x08006eac   0x08006eac   0x0000003c   Code   RO         8104    i.HAL_RTC_WaitForSynchro  stm32f4xx_hal_rtc.o
    0x08006ee8   0x08006ee8   0x00000082   Code   RO         8465    i.HAL_SPI_Init      stm32f4xx_hal_spi.o
    0x08006f6a   0x08006f6a   0x00000002   PAD
    0x08006f6c   0x08006f6c   0x000001cc   Code   RO          794    i.HAL_SPI_MspInit   spi.o
    0x08007138   0x08007138   0x000001f8   Code   RO         8474    i.HAL_SPI_TransmitReceive  stm32f4xx_hal_spi.o
    0x08007330   0x08007330   0x00000002   Code   RO         9464    i.HAL_TIMEx_BreakCallback  stm32f4xx_hal_tim_ex.o
    0x08007332   0x08007332   0x00000002   Code   RO         9465    i.HAL_TIMEx_CommutCallback  stm32f4xx_hal_tim_ex.o
    0x08007334   0x08007334   0x00000066   Code   RO         9467    i.HAL_TIMEx_ConfigBreakDeadTime  stm32f4xx_hal_tim_ex.o
    0x0800739a   0x0800739a   0x0000004e   Code   RO         9482    i.HAL_TIMEx_MasterConfigSynchronization  stm32f4xx_hal_tim_ex.o
    0x080073e8   0x080073e8   0x00000038   Code   RO         8778    i.HAL_TIM_Base_Init  stm32f4xx_hal_tim.o
    0x08007420   0x08007420   0x00000130   Code   RO          842    i.HAL_TIM_Base_MspInit  tim.o
    0x08007550   0x08007550   0x00000024   Code   RO         8781    i.HAL_TIM_Base_Start  stm32f4xx_hal_tim.o
    0x08007574   0x08007574   0x00000022   Code   RO         8783    i.HAL_TIM_Base_Start_IT  stm32f4xx_hal_tim.o
    0x08007596   0x08007596   0x000000e4   Code   RO         8787    i.HAL_TIM_ConfigClockSource  stm32f4xx_hal_tim.o
    0x0800767a   0x0800767a   0x00000002   Code   RO         8807    i.HAL_TIM_IC_CaptureCallback  stm32f4xx_hal_tim.o
    0x0800767c   0x0800767c   0x00000174   Code   RO         8821    i.HAL_TIM_IRQHandler  stm32f4xx_hal_tim.o
    0x080077f0   0x080077f0   0x000002c0   Code   RO          843    i.HAL_TIM_MspPostInit  tim.o
    0x08007ab0   0x08007ab0   0x00000002   Code   RO         8824    i.HAL_TIM_OC_DelayElapsedCallback  stm32f4xx_hal_tim.o
    0x08007ab2   0x08007ab2   0x000000dc   Code   RO         8845    i.HAL_TIM_PWM_ConfigChannel  stm32f4xx_hal_tim.o
    0x08007b8e   0x08007b8e   0x00000038   Code   RO         8848    i.HAL_TIM_PWM_Init  stm32f4xx_hal_tim.o
    0x08007bc6   0x08007bc6   0x00000002   Code   RO         8850    i.HAL_TIM_PWM_MspInit  stm32f4xx_hal_tim.o
    0x08007bc8   0x08007bc8   0x00000002   Code   RO         8851    i.HAL_TIM_PWM_PulseFinishedCallback  stm32f4xx_hal_tim.o
    0x08007bca   0x08007bca   0x0000003e   Code   RO         8853    i.HAL_TIM_PWM_Start  stm32f4xx_hal_tim.o
    0x08007c08   0x08007c08   0x00000018   Code   RO           14    i.HAL_TIM_PeriodElapsedCallback  main.o
    0x08007c20   0x08007c20   0x00000002   Code   RO         8864    i.HAL_TIM_TriggerCallback  stm32f4xx_hal_tim.o
    0x08007c22   0x08007c22   0x00000002   Code   RO         9736    i.HAL_UART_ErrorCallback  stm32f4xx_hal_uart.o
    0x08007c24   0x08007c24   0x00000064   Code   RO         9740    i.HAL_UART_Init     stm32f4xx_hal_uart.o
    0x08007c88   0x08007c88   0x0000033c   Code   RO          920    i.HAL_UART_MspInit  usart.o
    0x08007fc4   0x08007fc4   0x000000a4   Code   RO         9744    i.HAL_UART_Receive_DMA  stm32f4xx_hal_uart.o
    0x08008068   0x08008068   0x00000002   Code   RO         9746    i.HAL_UART_RxCpltCallback  stm32f4xx_hal_uart.o
    0x0800806a   0x0800806a   0x00000002   Code   RO         9747    i.HAL_UART_RxHalfCpltCallback  stm32f4xx_hal_uart.o
    0x0800806c   0x0800806c   0x000000dc   Code   RO         9748    i.HAL_UART_Transmit  stm32f4xx_hal_uart.o
    0x08008148   0x08008148   0x00000004   Code   RO         1379    i.HardFault_Handler  stm32f4xx_it.o
    0x0800814c   0x0800814c   0x00000020   Code   RO         2008    i.I2C2_DMA_transmit  bsp_i2c.o
    0x0800816c   0x0800816c   0x000000c0   Code   RO         2009    i.I2C2_tx_DMA_enable  bsp_i2c.o
    0x0800822c   0x0800822c   0x000000c0   Code   RO         2010    i.I2C2_tx_DMA_init  bsp_i2c.o
    0x080082ec   0x080082ec   0x00000032   Code   RO         7560    i.I2C_IsAcknowledgeFailed  stm32f4xx_hal_i2c.o
    0x0800831e   0x0800831e   0x00000002   PAD
    0x08008320   0x08008320   0x000000a4   Code   RO         7564    i.I2C_MasterRequestWrite  stm32f4xx_hal_i2c.o
    0x080083c4   0x080083c4   0x00000134   Code   RO         7570    i.I2C_RequestMemoryRead  stm32f4xx_hal_i2c.o
    0x080084f8   0x080084f8   0x000000c0   Code   RO         7571    i.I2C_RequestMemoryWrite  stm32f4xx_hal_i2c.o
    0x080085b8   0x080085b8   0x000000fc   Code   RO         2011    i.I2C_TX_DMA_START  bsp_i2c.o
    0x080086b4   0x080086b4   0x0000005c   Code   RO         7579    i.I2C_WaitOnBTFFlagUntilTimeout  stm32f4xx_hal_i2c.o
    0x08008710   0x08008710   0x000000b4   Code   RO         7580    i.I2C_WaitOnFlagUntilTimeout  stm32f4xx_hal_i2c.o
    0x080087c4   0x080087c4   0x000000ce   Code   RO         7581    i.I2C_WaitOnMasterAddressFlagUntilTimeout  stm32f4xx_hal_i2c.o
    0x08008892   0x08008892   0x0000007c   Code   RO         7582    i.I2C_WaitOnRXNEFlagUntilTimeout  stm32f4xx_hal_i2c.o
    0x0800890e   0x0800890e   0x0000005c   Code   RO         7584    i.I2C_WaitOnTXEFlagUntilTimeout  stm32f4xx_hal_i2c.o
    0x0800896a   0x0800896a   0x00000002   PAD
    0x0800896c   0x0800896c   0x0000007c   Code   RO         2995    i.INS_cali_gyro     ins_task.o
    0x080089e8   0x080089e8   0x00000048   Code   RO         2996    i.INS_set_cali_gyro  ins_task.o
    0x08008a30   0x08008a30   0x000002ec   Code   RO         2997    i.INS_task          ins_task.o
    0x08008d1c   0x08008d1c   0x0000003e   Code   RO         1215    i.IntToUnicode      usbd_desc.o
    0x08008d5a   0x08008d5a   0x00000002   PAD
    0x08008d5c   0x08008d5c   0x00000070   Code   RO          494    i.MX_ADC1_Init      adc.o
    0x08008dcc   0x08008dcc   0x00000070   Code   RO          495    i.MX_ADC3_Init      adc.o
    0x08008e3c   0x08008e3c   0x00000044   Code   RO          542    i.MX_CAN1_Init      can.o
    0x08008e80   0x08008e80   0x00000044   Code   RO          543    i.MX_CAN2_Init      can.o
    0x08008ec4   0x08008ec4   0x00000020   Code   RO          591    i.MX_CRC_Init       crc.o
    0x08008ee4   0x08008ee4   0x000000c8   Code   RO          631    i.MX_DMA_Init       dma.o
    0x08008fac   0x08008fac   0x000001c8   Code   RO          375    i.MX_FREERTOS_Init  freertos.o
    0x08009174   0x08009174   0x00000254   Code   RO          351    i.MX_GPIO_Init      gpio.o
    0x080093c8   0x080093c8   0x0000003c   Code   RO          657    i.MX_I2C1_Init      i2c.o
    0x08009404   0x08009404   0x0000003c   Code   RO          658    i.MX_I2C2_Init      i2c.o
    0x08009440   0x08009440   0x0000003c   Code   RO          659    i.MX_I2C3_Init      i2c.o
    0x0800947c   0x0800947c   0x00000020   Code   RO          711    i.MX_RNG_Init       rng.o
    0x0800949c   0x0800949c   0x00000034   Code   RO          753    i.MX_RTC_Init       rtc.o
    0x080094d0   0x080094d0   0x00000048   Code   RO          795    i.MX_SPI1_Init      spi.o
    0x08009518   0x08009518   0x00000048   Code   RO          796    i.MX_SPI2_Init      spi.o
    0x08009560   0x08009560   0x0000006c   Code   RO          844    i.MX_TIM10_Init     tim.o
    0x080095cc   0x080095cc   0x0000010c   Code   RO          845    i.MX_TIM1_Init      tim.o
    0x080096d8   0x080096d8   0x000000a4   Code   RO          846    i.MX_TIM3_Init      tim.o
    0x0800977c   0x0800977c   0x000000a4   Code   RO          847    i.MX_TIM4_Init      tim.o
    0x08009820   0x08009820   0x000000c4   Code   RO          848    i.MX_TIM5_Init      tim.o
    0x080098e4   0x080098e4   0x000000ec   Code   RO          849    i.MX_TIM8_Init      tim.o
    0x080099d0   0x080099d0   0x00000038   Code   RO          921    i.MX_USART1_UART_Init  usart.o
    0x08009a08   0x08009a08   0x0000003c   Code   RO          922    i.MX_USART3_UART_Init  usart.o
    0x08009a44   0x08009a44   0x00000038   Code   RO          923    i.MX_USART6_UART_Init  usart.o
    0x08009a7c   0x08009a7c   0x0000004c   Code   RO          973    i.MX_USB_DEVICE_Init  usb_device.o
    0x08009ac8   0x08009ac8   0x00000004   Code   RO         1380    i.MemManage_Handler  stm32f4xx_it.o
    0x08009acc   0x08009acc   0x00000002   Code   RO         1381    i.NMI_Handler       stm32f4xx_it.o
    0x08009ace   0x08009ace   0x00000002   PAD
    0x08009ad0   0x08009ad0   0x0000001c   Code   RO         4078    i.OLED_LOGO         oled.o
    0x08009aec   0x08009aec   0x00000010   Code   RO         4079    i.OLED_check_ack    oled.o
    0x08009afc   0x08009afc   0x0000002c   Code   RO         4080    i.OLED_com_reset    oled.o
    0x08009b28   0x08009b28   0x00000088   Code   RO         4084    i.OLED_draw_point   oled.o
    0x08009bb0   0x08009bb0   0x000000f8   Code   RO         4085    i.OLED_init         oled.o
    0x08009ca8   0x08009ca8   0x00000054   Code   RO         4086    i.OLED_operate_gram  oled.o
    0x08009cfc   0x08009cfc   0x00000040   Code   RO         4087    i.OLED_printf       oled.o
    0x08009d3c   0x08009d3c   0x00000020   Code   RO         4088    i.OLED_refresh_gram  oled.o
    0x08009d5c   0x08009d5c   0x00000040   Code   RO         4089    i.OLED_set_pos      oled.o
    0x08009d9c   0x08009d9c   0x0000008c   Code   RO         4090    i.OLED_show_char    oled.o
    0x08009e28   0x08009e28   0x0000008a   Code   RO         4091    i.OLED_show_graphic  oled.o
    0x08009eb2   0x08009eb2   0x00000032   Code   RO         4092    i.OLED_show_string  oled.o
    0x08009ee4   0x08009ee4   0x00000010   Code   RO         1382    i.OTG_FS_IRQHandler  stm32f4xx_it.o
    0x08009ef4   0x08009ef4   0x00000068   Code   RO         5224    i.PCD_EP_OutSetupPacket_int  stm32f4xx_hal_pcd.o
    0x08009f5c   0x08009f5c   0x000000f0   Code   RO         5225    i.PCD_EP_OutXfrComplete_int  stm32f4xx_hal_pcd.o
    0x0800a04c   0x0800a04c   0x000000a2   Code   RO         5226    i.PCD_WriteEmptyTxFifo  stm32f4xx_hal_pcd.o
    0x0800a0ee   0x0800a0ee   0x00000002   PAD
    0x0800a0f0   0x0800a0f0   0x000001f0   Code   RO         5156    i.PID_calc          pid.o
    0x0800a2e0   0x0800a2e0   0x00000060   Code   RO         5158    i.PID_init          pid.o
    0x0800a340   0x0800a340   0x0000009c   Code   RO         2140    i.RC_Init           bsp_rc.o
    0x0800a3dc   0x0800a3dc   0x00000374   Code   RO         2314    i.RC_cmd_to_calibrate  calibrate_task.o
    0x0800a750   0x0800a750   0x00000050   Code   RO         2141    i.RC_restart        bsp_rc.o
    0x0800a7a0   0x0800a7a0   0x00000018   Code   RO         2142    i.RC_unable         bsp_rc.o
    0x0800a7b8   0x0800a7b8   0x00000042   Code   RO         8107    i.RTC_EnterInitMode  stm32f4xx_hal_rtc.o
    0x0800a7fa   0x0800a7fa   0x00000002   PAD
    0x0800a7fc   0x0800a7fc   0x0000273c   Code   RO         2212    i.SPI1_DMA_enable   bsp_spi.o
    0x0800cf38   0x0800cf38   0x00000180   Code   RO         2213    i.SPI1_DMA_init     bsp_spi.o
    0x0800d0b8   0x0800d0b8   0x00000064   Code   RO         8503    i.SPI_EndRxTxTransaction  stm32f4xx_hal_spi.o
    0x0800d11c   0x0800d11c   0x000000a6   Code   RO         8508    i.SPI_WaitFlagStateUntilTimeout  stm32f4xx_hal_spi.o
    0x0800d1c2   0x0800d1c2   0x00000002   PAD
    0x0800d1c4   0x0800d1c4   0x0000002c   Code   RO        11453    i.SysTick_Handler   port.o
    0x0800d1f0   0x0800d1f0   0x000000d4   Code   RO           15    i.SystemClock_Config  main.o
    0x0800d2c4   0x0800d2c4   0x00000064   Code   RO         1561    i.SystemInit        system_stm32f4xx.o
    0x0800d328   0x0800d328   0x00000018   Code   RO         1383    i.TIM8_TRG_COM_TIM14_IRQHandler  stm32f4xx_it.o
    0x0800d340   0x0800d340   0x000000b8   Code   RO         8866    i.TIM_Base_SetConfig  stm32f4xx_hal_tim.o
    0x0800d3f8   0x0800d3f8   0x0000001e   Code   RO         8867    i.TIM_CCxChannelCmd  stm32f4xx_hal_tim.o
    0x0800d416   0x0800d416   0x00000016   Code   RO         8877    i.TIM_ETR_SetConfig  stm32f4xx_hal_tim.o
    0x0800d42c   0x0800d42c   0x00000010   Code   RO         8878    i.TIM_ITRx_SetConfig  stm32f4xx_hal_tim.o
    0x0800d43c   0x0800d43c   0x00000070   Code   RO         8879    i.TIM_OC1_SetConfig  stm32f4xx_hal_tim.o
    0x0800d4ac   0x0800d4ac   0x00000078   Code   RO         8880    i.TIM_OC2_SetConfig  stm32f4xx_hal_tim.o
    0x0800d524   0x0800d524   0x00000078   Code   RO         8881    i.TIM_OC3_SetConfig  stm32f4xx_hal_tim.o
    0x0800d59c   0x0800d59c   0x00000054   Code   RO         8882    i.TIM_OC4_SetConfig  stm32f4xx_hal_tim.o
    0x0800d5f0   0x0800d5f0   0x00000026   Code   RO         8884    i.TIM_TI1_ConfigInputStage  stm32f4xx_hal_tim.o
    0x0800d616   0x0800d616   0x00000024   Code   RO         8886    i.TIM_TI2_ConfigInputStage  stm32f4xx_hal_tim.o
    0x0800d63a   0x0800d63a   0x0000004a   Code   RO         9754    i.UART_DMAError     stm32f4xx_hal_uart.o
    0x0800d684   0x0800d684   0x0000003e   Code   RO         9755    i.UART_DMAReceiveCplt  stm32f4xx_hal_uart.o
    0x0800d6c2   0x0800d6c2   0x0000000a   Code   RO         9757    i.UART_DMARxHalfCplt  stm32f4xx_hal_uart.o
    0x0800d6cc   0x0800d6cc   0x0000001c   Code   RO         9763    i.UART_EndRxTransfer  stm32f4xx_hal_uart.o
    0x0800d6e8   0x0800d6e8   0x00000012   Code   RO         9765    i.UART_EndTxTransfer  stm32f4xx_hal_uart.o
    0x0800d6fa   0x0800d6fa   0x00000002   PAD
    0x0800d6fc   0x0800d6fc   0x00000340   Code   RO         9767    i.UART_SetConfig    stm32f4xx_hal_uart.o
    0x0800da3c   0x0800da3c   0x00000078   Code   RO         9769    i.UART_WaitOnFlagUntilTimeout  stm32f4xx_hal_uart.o
    0x0800dab4   0x0800dab4   0x00000118   Code   RO         3259    i.USART3_IRQHandler  remote_control.o
    0x0800dbcc   0x0800dbcc   0x0000004c   Code   RO        11825    i.USBD_CDC_DataIn   usbd_cdc.o
    0x0800dc18   0x0800dc18   0x00000030   Code   RO        11826    i.USBD_CDC_DataOut  usbd_cdc.o
    0x0800dc48   0x0800dc48   0x00000046   Code   RO        11827    i.USBD_CDC_DeInit   usbd_cdc.o
    0x0800dc8e   0x0800dc8e   0x0000002a   Code   RO        11828    i.USBD_CDC_EP0_RxReady  usbd_cdc.o
    0x0800dcb8   0x0800dcb8   0x0000000c   Code   RO        11829    i.USBD_CDC_GetDeviceQualifierDescriptor  usbd_cdc.o
    0x0800dcc4   0x0800dcc4   0x0000000c   Code   RO        11830    i.USBD_CDC_GetFSCfgDesc  usbd_cdc.o
    0x0800dcd0   0x0800dcd0   0x0000000c   Code   RO        11831    i.USBD_CDC_GetHSCfgDesc  usbd_cdc.o
    0x0800dcdc   0x0800dcdc   0x0000000c   Code   RO        11832    i.USBD_CDC_GetOtherSpeedCfgDesc  usbd_cdc.o
    0x0800dce8   0x0800dce8   0x000000ac   Code   RO        11833    i.USBD_CDC_Init     usbd_cdc.o
    0x0800dd94   0x0800dd94   0x00000032   Code   RO        11834    i.USBD_CDC_ReceivePacket  usbd_cdc.o
    0x0800ddc6   0x0800ddc6   0x00000010   Code   RO        11835    i.USBD_CDC_RegisterInterface  usbd_cdc.o
    0x0800ddd6   0x0800ddd6   0x0000000c   Code   RO        11836    i.USBD_CDC_SetRxBuffer  usbd_cdc.o
    0x0800dde2   0x0800dde2   0x00000010   Code   RO        11837    i.USBD_CDC_SetTxBuffer  usbd_cdc.o
    0x0800ddf2   0x0800ddf2   0x000000e6   Code   RO        11838    i.USBD_CDC_Setup    usbd_cdc.o
    0x0800ded8   0x0800ded8   0x00000038   Code   RO        11839    i.USBD_CDC_TransmitPacket  usbd_cdc.o
    0x0800df10   0x0800df10   0x0000000e   Code   RO        11532    i.USBD_ClrClassConfig  usbd_core.o
    0x0800df1e   0x0800df1e   0x00000026   Code   RO        11670    i.USBD_ClrFeature   usbd_ctlreq.o
    0x0800df44   0x0800df44   0x00000010   Code   RO        11765    i.USBD_CtlContinueRx  usbd_ioreq.o
    0x0800df54   0x0800df54   0x00000010   Code   RO        11766    i.USBD_CtlContinueSendData  usbd_ioreq.o
    0x0800df64   0x0800df64   0x00000018   Code   RO        11671    i.USBD_CtlError     usbd_ctlreq.o
    0x0800df7c   0x0800df7c   0x0000001e   Code   RO        11767    i.USBD_CtlPrepareRx  usbd_ioreq.o
    0x0800df9a   0x0800df9a   0x00000016   Code   RO        11768    i.USBD_CtlReceiveStatus  usbd_ioreq.o
    0x0800dfb0   0x0800dfb0   0x0000001a   Code   RO        11769    i.USBD_CtlSendData  usbd_ioreq.o
    0x0800dfca   0x0800dfca   0x00000016   Code   RO        11770    i.USBD_CtlSendStatus  usbd_ioreq.o
    0x0800dfe0   0x0800dfe0   0x00000034   Code   RO         1216    i.USBD_FS_ConfigStrDescriptor  usbd_desc.o
    0x0800e014   0x0800e014   0x00000010   Code   RO         1217    i.USBD_FS_DeviceDescriptor  usbd_desc.o
    0x0800e024   0x0800e024   0x00000038   Code   RO         1218    i.USBD_FS_InterfaceStrDescriptor  usbd_desc.o
    0x0800e05c   0x0800e05c   0x00000010   Code   RO         1219    i.USBD_FS_LangIDStrDescriptor  usbd_desc.o
    0x0800e06c   0x0800e06c   0x0000002c   Code   RO         1220    i.USBD_FS_ManufacturerStrDescriptor  usbd_desc.o
    0x0800e098   0x0800e098   0x00000040   Code   RO         1221    i.USBD_FS_ProductStrDescriptor  usbd_desc.o
    0x0800e0d8   0x0800e0d8   0x00000018   Code   RO         1222    i.USBD_FS_SerialStrDescriptor  usbd_desc.o
    0x0800e0f0   0x0800e0f0   0x00000034   Code   RO        11672    i.USBD_GetConfig    usbd_ctlreq.o
    0x0800e124   0x0800e124   0x00000136   Code   RO        11673    i.USBD_GetDescriptor  usbd_ctlreq.o
    0x0800e25a   0x0800e25a   0x00000018   Code   RO        11674    i.USBD_GetLen       usbd_ctlreq.o
    0x0800e272   0x0800e272   0x00000036   Code   RO        11675    i.USBD_GetStatus    usbd_ctlreq.o
    0x0800e2a8   0x0800e2a8   0x00000044   Code   RO        11676    i.USBD_GetString    usbd_ctlreq.o
    0x0800e2ec   0x0800e2ec   0x0000002c   Code   RO         1020    i.USBD_Get_USB_Status  usbd_conf.o
    0x0800e318   0x0800e318   0x0000002c   Code   RO        11534    i.USBD_Init         usbd_core.o
    0x0800e344   0x0800e344   0x00000026   Code   RO         1021    i.USBD_LL_ClearStallEP  usbd_conf.o
    0x0800e36a   0x0800e36a   0x00000026   Code   RO         1022    i.USBD_LL_CloseEP   usbd_conf.o
    0x0800e390   0x0800e390   0x000000d6   Code   RO        11535    i.USBD_LL_DataInStage  usbd_core.o
    0x0800e466   0x0800e466   0x0000008a   Code   RO        11536    i.USBD_LL_DataOutStage  usbd_core.o
    0x0800e4f0   0x0800e4f0   0x00000004   Code   RO        11537    i.USBD_LL_DevConnected  usbd_core.o
    0x0800e4f4   0x0800e4f4   0x00000016   Code   RO        11538    i.USBD_LL_DevDisconnected  usbd_core.o
    0x0800e50a   0x0800e50a   0x00000012   Code   RO         1026    i.USBD_LL_GetRxDataSize  usbd_conf.o
    0x0800e51c   0x0800e51c   0x00000068   Code   RO         1027    i.USBD_LL_Init      usbd_conf.o
    0x0800e584   0x0800e584   0x00000038   Code   RO         1028    i.USBD_LL_IsStallEP  usbd_conf.o
    0x0800e5bc   0x0800e5bc   0x00000004   Code   RO        11539    i.USBD_LL_IsoINIncomplete  usbd_core.o
    0x0800e5c0   0x0800e5c0   0x00000004   Code   RO        11540    i.USBD_LL_IsoOUTIncomplete  usbd_core.o
    0x0800e5c4   0x0800e5c4   0x00000030   Code   RO         1029    i.USBD_LL_OpenEP    usbd_conf.o
    0x0800e5f4   0x0800e5f4   0x00000030   Code   RO         1030    i.USBD_LL_PrepareReceive  usbd_conf.o
    0x0800e624   0x0800e624   0x00000052   Code   RO        11541    i.USBD_LL_Reset     usbd_core.o
    0x0800e676   0x0800e676   0x0000000c   Code   RO        11542    i.USBD_LL_Resume    usbd_core.o
    0x0800e682   0x0800e682   0x00000018   Code   RO        11543    i.USBD_LL_SOF       usbd_core.o
    0x0800e69a   0x0800e69a   0x00000006   Code   RO        11544    i.USBD_LL_SetSpeed  usbd_core.o
    0x0800e6a0   0x0800e6a0   0x00000026   Code   RO         1031    i.USBD_LL_SetUSBAddress  usbd_conf.o
    0x0800e6c6   0x0800e6c6   0x0000005e   Code   RO        11545    i.USBD_LL_SetupStage  usbd_core.o
    0x0800e724   0x0800e724   0x00000026   Code   RO         1032    i.USBD_LL_StallEP   usbd_conf.o
    0x0800e74a   0x0800e74a   0x0000001e   Code   RO         1033    i.USBD_LL_Start     usbd_conf.o
    0x0800e768   0x0800e768   0x00000012   Code   RO        11546    i.USBD_LL_Suspend   usbd_core.o
    0x0800e77a   0x0800e77a   0x00000030   Code   RO         1035    i.USBD_LL_Transmit  usbd_conf.o
    0x0800e7aa   0x0800e7aa   0x00000028   Code   RO        11677    i.USBD_ParseSetupRequest  usbd_ctlreq.o
    0x0800e7d2   0x0800e7d2   0x00000012   Code   RO        11547    i.USBD_RegisterClass  usbd_core.o
    0x0800e7e4   0x0800e7e4   0x00000004   Code   RO        11548    i.USBD_RunTestMode  usbd_core.o
    0x0800e7e8   0x0800e7e8   0x00000058   Code   RO        11678    i.USBD_SetAddress   usbd_ctlreq.o
    0x0800e840   0x0800e840   0x00000018   Code   RO        11549    i.USBD_SetClassConfig  usbd_core.o
    0x0800e858   0x0800e858   0x000000cc   Code   RO        11679    i.USBD_SetConfig    usbd_ctlreq.o
    0x0800e924   0x0800e924   0x00000010   Code   RO        11680    i.USBD_SetFeature   usbd_ctlreq.o
    0x0800e934   0x0800e934   0x0000000a   Code   RO        11550    i.USBD_Start        usbd_core.o
    0x0800e93e   0x0800e93e   0x00000080   Code   RO        11681    i.USBD_StdDevReq    usbd_ctlreq.o
    0x0800e9be   0x0800e9be   0x000001f0   Code   RO        11682    i.USBD_StdEPReq     usbd_ctlreq.o
    0x0800ebae   0x0800ebae   0x00000066   Code   RO        11683    i.USBD_StdItfReq    usbd_ctlreq.o
    0x0800ec14   0x0800ec14   0x00000002   Code   RO         1036    i.USBD_static_free  usbd_conf.o
    0x0800ec16   0x0800ec16   0x00000002   PAD
    0x0800ec18   0x0800ec18   0x0000000c   Code   RO         1037    i.USBD_static_malloc  usbd_conf.o
    0x0800ec24   0x0800ec24   0x0000009c   Code   RO         5460    i.USB_ActivateEndpoint  stm32f4xx_ll_usb.o
    0x0800ecc0   0x0800ecc0   0x00000034   Code   RO         5462    i.USB_ActivateSetup  stm32f4xx_ll_usb.o
    0x0800ecf4   0x0800ecf4   0x0000007e   Code   RO         5464    i.USB_CoreInit      stm32f4xx_ll_usb.o
    0x0800ed72   0x0800ed72   0x00000002   PAD
    0x0800ed74   0x0800ed74   0x0000003c   Code   RO         5465    i.USB_CoreReset     stm32f4xx_ll_usb.o
    0x0800edb0   0x0800edb0   0x00000090   Code   RO         5468    i.USB_DeactivateEndpoint  stm32f4xx_ll_usb.o
    0x0800ee40   0x0800ee40   0x00000018   Code   RO         5469    i.USB_DevConnect    stm32f4xx_ll_usb.o
    0x0800ee58   0x0800ee58   0x00000018   Code   RO         5470    i.USB_DevDisconnect  stm32f4xx_ll_usb.o
    0x0800ee70   0x0800ee70   0x0000018c   Code   RO         5471    i.USB_DevInit       stm32f4xx_ll_usb.o
    0x0800effc   0x0800effc   0x0000000c   Code   RO         5472    i.USB_DisableGlobalInt  stm32f4xx_ll_usb.o
    0x0800f008   0x0800f008   0x0000012a   Code   RO         5475    i.USB_EP0StartXfer  stm32f4xx_ll_usb.o
    0x0800f132   0x0800f132   0x00000002   PAD
    0x0800f134   0x0800f134   0x00000060   Code   RO         5476    i.USB_EP0_OutStart  stm32f4xx_ll_usb.o
    0x0800f194   0x0800f194   0x00000058   Code   RO         5477    i.USB_EPClearStall  stm32f4xx_ll_usb.o
    0x0800f1ec   0x0800f1ec   0x0000005e   Code   RO         5478    i.USB_EPSetStall    stm32f4xx_ll_usb.o
    0x0800f24a   0x0800f24a   0x00000228   Code   RO         5479    i.USB_EPStartXfer   stm32f4xx_ll_usb.o
    0x0800f472   0x0800f472   0x0000000c   Code   RO         5480    i.USB_EnableGlobalInt  stm32f4xx_ll_usb.o
    0x0800f47e   0x0800f47e   0x00000002   PAD
    0x0800f480   0x0800f480   0x00000024   Code   RO         5481    i.USB_FlushRxFifo   stm32f4xx_ll_usb.o
    0x0800f4a4   0x0800f4a4   0x00000028   Code   RO         5482    i.USB_FlushTxFifo   stm32f4xx_ll_usb.o
    0x0800f4cc   0x0800f4cc   0x00000020   Code   RO         5484    i.USB_GetDevSpeed   stm32f4xx_ll_usb.o
    0x0800f4ec   0x0800f4ec   0x00000008   Code   RO         5486    i.USB_GetMode       stm32f4xx_ll_usb.o
    0x0800f4f4   0x0800f4f4   0x0000000e   Code   RO         5493    i.USB_ReadDevAllInEpInterrupt  stm32f4xx_ll_usb.o
    0x0800f502   0x0800f502   0x0000000e   Code   RO         5494    i.USB_ReadDevAllOutEpInterrupt  stm32f4xx_ll_usb.o
    0x0800f510   0x0800f510   0x00000024   Code   RO         5495    i.USB_ReadDevInEPInterrupt  stm32f4xx_ll_usb.o
    0x0800f534   0x0800f534   0x00000010   Code   RO         5496    i.USB_ReadDevOutEPInterrupt  stm32f4xx_ll_usb.o
    0x0800f544   0x0800f544   0x00000008   Code   RO         5497    i.USB_ReadInterrupts  stm32f4xx_ll_usb.o
    0x0800f54c   0x0800f54c   0x00000024   Code   RO         5498    i.USB_ReadPacket    stm32f4xx_ll_usb.o
    0x0800f570   0x0800f570   0x00000030   Code   RO         5500    i.USB_SetCurrentMode  stm32f4xx_ll_usb.o
    0x0800f5a0   0x0800f5a0   0x00000022   Code   RO         5501    i.USB_SetDevAddress  stm32f4xx_ll_usb.o
    0x0800f5c2   0x0800f5c2   0x0000000e   Code   RO         5502    i.USB_SetDevSpeed   stm32f4xx_ll_usb.o
    0x0800f5d0   0x0800f5d0   0x000000f4   Code   RO         5503    i.USB_SetTurnaroundTime  stm32f4xx_ll_usb.o
    0x0800f6c4   0x0800f6c4   0x00000030   Code   RO         5506    i.USB_WritePacket   stm32f4xx_ll_usb.o
    0x0800f6f4   0x0800f6f4   0x00000004   Code   RO         1384    i.UsageFault_Handler  stm32f4xx_it.o
    0x0800f6f8   0x0800f6f8   0x00000030   Code   RO        12726    i.__ARM_fpclassify  m_wm.l(fpclassify.o)
    0x0800f728   0x0800f728   0x00000026   Code   RO        12571    i.__ARM_fpclassifyf  m_wm.l(fpclassifyf.o)
    0x0800f74e   0x0800f74e   0x00000006   Code   RO         4877    i.__get_PRIMASK     fifo.o
    0x0800f754   0x0800f754   0x0000012c   Code   RO        12302    i.__hardfp_asinf    m_wm.l(asinf.o)
    0x0800f880   0x0800f880   0x00000250   Code   RO        12314    i.__hardfp_atan2f   m_wm.l(atan2f.o)
    0x0800fad0   0x0800fad0   0x00000014   Code   RO        12326    i.__hardfp_fabs     m_wm.l(fabs.o)
    0x0800fae4   0x0800fae4   0x0000003a   Code   RO        12350    i.__hardfp_sqrtf    m_wm.l(sqrtf_full.o)
    0x0800fb1e   0x0800fb1e   0x00000006   Code   RO        12574    i.__mathlib_flt_infnan  m_wm.l(funder.o)
    0x0800fb24   0x0800fb24   0x00000006   Code   RO        12575    i.__mathlib_flt_infnan2  m_wm.l(funder.o)
    0x0800fb2a   0x0800fb2a   0x00000002   PAD
    0x0800fb2c   0x0800fb2c   0x00000010   Code   RO        12576    i.__mathlib_flt_invalid  m_wm.l(funder.o)
    0x0800fb3c   0x0800fb3c   0x00000010   Code   RO        12579    i.__mathlib_flt_underflow  m_wm.l(funder.o)
    0x0800fb4c   0x0800fb4c   0x00000006   Code   RO         4878    i.__set_PRIMASK     fifo.o
    0x0800fb52   0x0800fb52   0x0000000e   Code   RO        12460    i._is_digit         c_w.l(__printf_wp.o)
    0x0800fb60   0x0800fb60   0x00000068   Code   RO         2111    i.aRGB_led_show     bsp_led.o
    0x0800fbc8   0x0800fbc8   0x000001d0   Code   RO        11931    i.accel_comple_filter  AHRS.lib(ahrs.o)
    0x0800fd98   0x0800fd98   0x0000018c   Code   RO        11932    i.accel_update_kp_ki  AHRS.lib(ahrs.o)
    0x0800ff24   0x0800ff24   0x0000003c   Code   RO         1597    i.adcx_get_chx_value  bsp_adc.o
    0x0800ff60   0x0800ff60   0x00000084   Code   RO         3621    i.angle_sampling    catch_task.o
    0x0800ffe4   0x0800ffe4   0x0000016c   Code   RO        11933    i.angle_to_quat     AHRS.lib(ahrs.o)
    0x08010150   0x08010150   0x0000010c   Code   RO         3971    i.angle_usart_task  read_angle.o
    0x0801025c   0x0801025c   0x00000098   Code   RO         3622    i.angle_vector_to_catch_wheel_speed  catch_task.o
    0x080102f4   0x080102f4   0x00000044   Code   RO         3517    i.battery_voltage_task  voltage_task.o
    0x08010338   0x08010338   0x00000134   Code   RO         4213    i.bmi088_accel_init  bmi088driver.o
    0x0801046c   0x0801046c   0x000002fc   Code   RO         4214    i.bmi088_accel_self_test  bmi088driver.o
    0x08010768   0x08010768   0x000000f4   Code   RO         4215    i.bmi088_gyro_init  bmi088driver.o
    0x0801085c   0x0801085c   0x000000d0   Code   RO         4216    i.bmi088_gyro_self_test  bmi088driver.o
    0x0801092c   0x0801092c   0x0000013c   Code   RO         2012    i.bsp_I2C_check_ack  bsp_i2c.o
    0x08010a68   0x08010a68   0x0000004c   Code   RO         2013    i.bsp_I2C_master_transmit  bsp_i2c.o
    0x08010ab4   0x08010ab4   0x0000004c   Code   RO         2014    i.bsp_I2C_reset     bsp_i2c.o
    0x08010b00   0x08010b00   0x00000010   Code   RO         1744    i.buzzer_off        bsp_buzzer.o
    0x08010b10   0x08010b10   0x00000014   Code   RO         1745    i.buzzer_on         bsp_buzzer.o
    0x08010b24   0x08010b24   0x0000007c   Code   RO         3442    i.buzzer_warn_error  test_task.o
    0x08010ba0   0x08010ba0   0x000000e8   Code   RO         3518    i.calc_battery_percentage  voltage_task.o
    0x08010c88   0x08010c88   0x00000194   Code   RO         2857    i.calc_gimbal_cali  gimbal_task.o
    0x08010e1c   0x08010e1c   0x000000ec   Code   RO         2315    i.cali_data_read    calibrate_task.o
    0x08010f08   0x08010f08   0x0000008c   Code   RO         2316    i.cali_data_write   calibrate_task.o
    0x08010f94   0x08010f94   0x0000006c   Code   RO         2317    i.cali_gimbal_hook  calibrate_task.o
    0x08011000   0x08011000   0x00000064   Code   RO         2318    i.cali_gyro_hook    calibrate_task.o
    0x08011064   0x08011064   0x00000046   Code   RO         2319    i.cali_head_hook    calibrate_task.o
    0x080110aa   0x080110aa   0x00000002   PAD
    0x080110ac   0x080110ac   0x000000b8   Code   RO         2320    i.cali_param_init   calibrate_task.o
    0x08011164   0x08011164   0x00000148   Code   RO         2321    i.calibrate_task    calibrate_task.o
    0x080112ac   0x080112ac   0x0000005c   Code   RO         1778    i.can_filter_init   bsp_can.o
    0x08011308   0x08011308   0x00000074   Code   RO         3756    i.catch_behaviour_mode_set  catch_behaviour.o
    0x0801137c   0x0801137c   0x000001f0   Code   RO         3623    i.catch_control_loop  catch_task.o
    0x0801156c   0x0801156c   0x000000dc   Code   RO         3624    i.catch_feedback_update  catch_task.o
    0x08011648   0x08011648   0x000000b0   Code   RO         3625    i.catch_init        catch_task.o
    0x080116f8   0x080116f8   0x00000016   Code   RO         3626    i.catch_mode_change_control_transit  catch_task.o
    0x0801170e   0x0801170e   0x00000002   PAD
    0x08011710   0x08011710   0x00000054   Code   RO         3627    i.catch_set_contorl  catch_task.o
    0x08011764   0x08011764   0x00000012   Code   RO         3628    i.catch_set_mode    catch_task.o
    0x08011776   0x08011776   0x00000002   PAD
    0x08011778   0x08011778   0x0000009c   Code   RO         3629    i.catch_task        catch_task.o
    0x08011814   0x08011814   0x00000018   Code   RO         3631    i.catch_wheel_no_move  catch_task.o
    0x0801182c   0x0801182c   0x000000a0   Code   RO         2544    i.chassis_behaviour_control_set  chassis_behaviour.o
    0x080118cc   0x080118cc   0x00000094   Code   RO         2545    i.chassis_behaviour_mode_set  chassis_behaviour.o
    0x08011960   0x08011960   0x000001cc   Code   RO         2665    i.chassis_control_loop  chassis_task.o
    0x08011b2c   0x08011b2c   0x00000060   Code   RO         2546    i.chassis_engineer_follow_chassis_yaw_control  chassis_behaviour.o
    0x08011b8c   0x08011b8c   0x00000160   Code   RO         2666    i.chassis_feedback_update  chassis_task.o
    0x08011cec   0x08011cec   0x0000011c   Code   RO         2547    i.chassis_infantry_follow_gimbal_yaw_control  chassis_behaviour.o
    0x08011e08   0x08011e08   0x000000d8   Code   RO         2667    i.chassis_init      chassis_task.o
    0x08011ee0   0x08011ee0   0x00000058   Code   RO         2668    i.chassis_mode_change_control_transit  chassis_task.o
    0x08011f38   0x08011f38   0x00000044   Code   RO         2548    i.chassis_no_follow_yaw_control  chassis_behaviour.o
    0x08011f7c   0x08011f7c   0x0000002c   Code   RO         2549    i.chassis_no_move_control  chassis_behaviour.o
    0x08011fa8   0x08011fa8   0x0000005c   Code   RO         2550    i.chassis_open_set_control  chassis_behaviour.o
    0x08012004   0x08012004   0x000001d0   Code   RO         2632    i.chassis_power_control  chassis_power_control.o
    0x080121d4   0x080121d4   0x0000015c   Code   RO         2669    i.chassis_rc_to_control_vector  chassis_task.o
    0x08012330   0x08012330   0x00000238   Code   RO         2670    i.chassis_set_contorl  chassis_task.o
    0x08012568   0x08012568   0x00000012   Code   RO         2671    i.chassis_set_mode  chassis_task.o
    0x0801257a   0x0801257a   0x00000002   PAD
    0x0801257c   0x0801257c   0x000000cc   Code   RO         2672    i.chassis_task      chassis_task.o
    0x08012648   0x08012648   0x000001bc   Code   RO         3632    i.chassis_vector_to_catch_wheel_speed  catch_task.o
    0x08012804   0x08012804   0x000000a4   Code   RO         2673    i.chassis_vector_to_mecanum_wheel_speed  chassis_task.o
    0x080128a8   0x080128a8   0x0000002c   Code   RO         2551    i.chassis_zero_force_control  chassis_behaviour.o
    0x080128d4   0x080128d4   0x00000018   Code   RO         3901    i.check_bcc         unpack_task.o
    0x080128ec   0x080128ec   0x00000118   Code   RO         2858    i.cmd_cali_gimbal_hook  gimbal_task.o
    0x08012a04   0x08012a04   0x00000030   Code   RO         1844    i.delay_init        bsp_delay.o
    0x08012a34   0x08012a34   0x00000050   Code   RO         1846    i.delay_us          bsp_delay.o
    0x08012a84   0x08012a84   0x00000124   Code   RO         2732    i.detect_hook       detect_task.o
    0x08012ba8   0x08012ba8   0x00000184   Code   RO         2733    i.detect_init       detect_task.o
    0x08012d2c   0x08012d2c   0x00000294   Code   RO         2734    i.detect_task       detect_task.o
    0x08012fc0   0x08012fc0   0x0000001c   Code   RO         4009    i.electronic_init   electronic.o
    0x08012fdc   0x08012fdc   0x00000034   Code   RO         4010    i.electronic_task   electronic.o
    0x08013010   0x08013010   0x0000003a   Code   RO         4896    i.fifo_s_get        fifo.o
    0x0801304a   0x0801304a   0x00000016   Code   RO         4899    i.fifo_s_init       fifo.o
    0x08013060   0x08013060   0x000000a0   Code   RO         4905    i.fifo_s_puts       fifo.o
    0x08013100   0x08013100   0x00000006   Code   RO         4907    i.fifo_s_used       fifo.o
    0x08013106   0x08013106   0x00000054   Code   RO         4691    i.first_order_filter_cali  user_lib.o
    0x0801315a   0x0801315a   0x00000002   PAD
    0x0801315c   0x0801315c   0x00000024   Code   RO         4692    i.first_order_filter_init  user_lib.o
    0x08013180   0x08013180   0x0000002e   Code   RO         1882    i.flash_erase_address  bsp_flash.o
    0x080131ae   0x080131ae   0x00000014   Code   RO         1883    i.flash_read        bsp_flash.o
    0x080131c2   0x080131c2   0x00000002   PAD
    0x080131c4   0x080131c4   0x00000098   Code   RO         1885    i.flash_write_single_address  bsp_flash.o
    0x0801325c   0x0801325c   0x0000002a   Code   RO         4693    i.fp32_constrain    user_lib.o
    0x08013286   0x08013286   0x00000002   PAD
    0x08013288   0x08013288   0x000000f4   Code   RO         1886    i.ger_sector        bsp_flash.o
    0x0801337c   0x0801337c   0x00000008   Code   RO         2999    i.get_INS_angle_point  ins_task.o
    0x08013384   0x08013384   0x000000e8   Code   RO        11934    i.get_angle         AHRS.lib(ahrs.o)
    0x0801346c   0x0801346c   0x00000008   Code   RO         3633    i.get_angle_point   catch_task.o
    0x08013474   0x08013474   0x00000024   Code   RO         3519    i.get_battery_percentage  voltage_task.o
    0x08013498   0x08013498   0x00000048   Code   RO         1598    i.get_battery_voltage  bsp_adc.o
    0x080134e0   0x080134e0   0x00000008   Code   RO         3902    i.get_car_real_message_point  unpack_task.o
    0x080134e8   0x080134e8   0x00000018   Code   RO         2436    i.get_chassis_motor_measure_point  can_receive.o
    0x08013500   0x08013500   0x0000001c   Code   RO         3160    i.get_chassis_power_and_buffer  referee.o
    0x0801351c   0x0801351c   0x00000008   Code   RO         3903    i.get_command_message_point  unpack_task.o
    0x08013524   0x08013524   0x0000000c   Code   RO         2322    i.get_control_temperature  calibrate_task.o
    0x08013530   0x08013530   0x00000008   Code   RO         2735    i.get_error_list_point  detect_task.o
    0x08013538   0x08013538   0x00000014   Code   RO         2438    i.get_left_right_motor_measure_point  can_receive.o
    0x0801354c   0x0801354c   0x000000e8   Code   RO         1887    i.get_next_flash_address  bsp_flash.o
    0x08013634   0x08013634   0x00000008   Code   RO         2859    i.get_pitch_motor_point  gimbal_task.o
    0x0801363c   0x0801363c   0x00000008   Code   RO         3634    i.get_remote_chassis_point  catch_task.o
    0x08013644   0x08013644   0x00000008   Code   RO         3260    i.get_remote_control_point  remote_control.o
    0x0801364c   0x0801364c   0x0000000c   Code   RO         3161    i.get_robot_id      referee.o
    0x08013658   0x08013658   0x0000000a   Code   RO         3261    i.get_switch_right_value  remote_control.o
    0x08013662   0x08013662   0x00000002   PAD
    0x08013664   0x08013664   0x0000005c   Code   RO         1600    i.get_temprate      bsp_adc.o
    0x080136c0   0x080136c0   0x0000000c   Code   RO         3635    i.get_vx            catch_task.o
    0x080136cc   0x080136cc   0x0000000c   Code   RO         3636    i.get_vy            catch_task.o
    0x080136d8   0x080136d8   0x0000000c   Code   RO         3637    i.get_wz            catch_task.o
    0x080136e4   0x080136e4   0x00000008   Code   RO         2860    i.get_yaw_motor_point  gimbal_task.o
    0x080136ec   0x080136ec   0x0000002c   Code   RO         2780    i.gimbal_cmd_to_chassis_stop  gimbal_behaviour.o
    0x08013718   0x08013718   0x00000054   Code   RO         3004    i.gyro_offset_calc  ins_task.o
    0x0801376c   0x0801376c   0x0000010c   Code   RO         3904    i.handshake_check   unpack_task.o
    0x08013878   0x08013878   0x0000012c   Code   RO         3005    i.imu_cali_slove    ins_task.o
    0x080139a4   0x080139a4   0x00000168   Code   RO         3006    i.imu_cmd_spi_dma   ins_task.o
    0x08013b0c   0x08013b0c   0x0000000c   Code   RO         1979    i.imu_pwm_set       bsp_imu_pwm.o
    0x08013b18   0x08013b18   0x000000b8   Code   RO         3007    i.imu_temp_control  ins_task.o
    0x08013bd0   0x08013bd0   0x0000001c   Code   RO         3638    i.init_aim_catch_angle  catch_task.o
    0x08013bec   0x08013bec   0x00000070   Code   RO         3639    i.init_dynamtic_catch_param  catch_task.o
    0x08013c5c   0x08013c5c   0x00000040   Code   RO         1601    i.init_vrefint_reciprocal  bsp_adc.o
    0x08013c9c   0x08013c9c   0x00000002   Code   RO         4441    i.ist8310_GPIO_init  ist8310driver_middleware.o
    0x08013c9e   0x08013c9e   0x00000002   PAD
    0x08013ca0   0x08013ca0   0x00000028   Code   RO         4443    i.ist8310_IIC_read_single_reg  ist8310driver_middleware.o
    0x08013cc8   0x08013cc8   0x00000028   Code   RO         4445    i.ist8310_IIC_write_single_reg  ist8310driver_middleware.o
    0x08013cf0   0x08013cf0   0x00000014   Code   RO         4446    i.ist8310_RST_H     ist8310driver_middleware.o
    0x08013d04   0x08013d04   0x00000014   Code   RO         4447    i.ist8310_RST_L     ist8310driver_middleware.o
    0x08013d18   0x08013d18   0x00000002   Code   RO         4448    i.ist8310_com_init  ist8310driver_middleware.o
    0x08013d1a   0x08013d1a   0x0000000c   Code   RO         4449    i.ist8310_delay_ms  ist8310driver_middleware.o
    0x08013d26   0x08013d26   0x00000002   PAD
    0x08013d28   0x08013d28   0x00000094   Code   RO         4409    i.ist8310_init      ist8310driver.o
    0x08013dbc   0x08013dbc   0x000001b0   Code   RO         3555    i.led_RGB_flow_task  led_flow_task.o
    0x08013f6c   0x08013f6c   0x00000060   Code   RO         4698    i.loop_fp32_constrain  user_lib.o
    0x08013fcc   0x08013fcc   0x00000084   Code   RO           16    i.main              main.o
    0x08014050   0x08014050   0x0000000c   Code   RO        11024    i.makeFreeRtosPriority  cmsis_os.o
    0x0801405c   0x0801405c   0x00000034   Code   RO         2876    i.motor_ecd_to_angle_change  gimbal_task.o
    0x08014090   0x08014090   0x00000248   Code   RO         3640    i.multi_catch_wheel_speed  catch_task.o
    0x080142d8   0x080142d8   0x00000214   Code   RO         3126    i.oled_task         oled_task.o
    0x080144ec   0x080144ec   0x00000030   Code   RO         4093    i.oled_write_byte   oled.o
    0x0801451c   0x0801451c   0x00000010   Code   RO        11026    i.osDelay           cmsis_os.o
    0x0801452c   0x0801452c   0x0000000a   Code   RO        11029    i.osKernelStart     cmsis_os.o
    0x08014536   0x08014536   0x0000005c   Code   RO        11063    i.osThreadCreate    cmsis_os.o
    0x08014592   0x08014592   0x00000002   PAD
    0x08014594   0x08014594   0x00000024   Code   RO        10521    i.pcTaskGetName     tasks.o
    0x080145b8   0x080145b8   0x00000038   Code   RO         3852    i.protocol_receive_task  protocol_receive_task.o
    0x080145f0   0x080145f0   0x000000e4   Code   RO         3783    i.protocol_send_task  protocol_send_task.o
    0x080146d4   0x080146d4   0x00000080   Code   RO        10522    i.prvAddCurrentTaskToDelayedList  tasks.o
    0x08014754   0x08014754   0x00000088   Code   RO        10523    i.prvAddNewTaskToReadyList  tasks.o
    0x080147dc   0x080147dc   0x0000005c   Code   RO        10871    i.prvCheckForValidListAndQueue  timers.o
    0x08014838   0x08014838   0x00000040   Code   RO        10524    i.prvCheckTasksWaitingTermination  tasks.o
    0x08014878   0x08014878   0x00000024   Code   RO        10187    i.prvCopyDataFromQueue  queue.o
    0x0801489c   0x0801489c   0x0000006e   Code   RO        10188    i.prvCopyDataToQueue  queue.o
    0x0801490a   0x0801490a   0x00000040   Code   RO        10525    i.prvDeleteTCB      tasks.o
    0x0801494a   0x0801494a   0x00000002   PAD
    0x0801494c   0x0801494c   0x00000024   Code   RO        10872    i.prvGetNextExpireTime  timers.o
    0x08014970   0x08014970   0x00000050   Code   RO        11403    i.prvHeapInit       heap_4.o
    0x080149c0   0x080149c0   0x00000028   Code   RO        10526    i.prvIdleTask       tasks.o
    0x080149e8   0x080149e8   0x00000018   Code   RO        10191    i.prvInitialiseNewQueue  queue.o
    0x08014a00   0x08014a00   0x00000090   Code   RO        10527    i.prvInitialiseNewTask  tasks.o
    0x08014a90   0x08014a90   0x00000060   Code   RO        10528    i.prvInitialiseTaskLists  tasks.o
    0x08014af0   0x08014af0   0x0000005c   Code   RO        11404    i.prvInsertBlockIntoFreeList  heap_4.o
    0x08014b4c   0x08014b4c   0x00000048   Code   RO        10874    i.prvInsertTimerInActiveList  timers.o
    0x08014b94   0x08014b94   0x0000001a   Code   RO        10192    i.prvIsQueueEmpty   queue.o
    0x08014bae   0x08014bae   0x0000001e   Code   RO        10193    i.prvIsQueueFull    queue.o
    0x08014bcc   0x08014bcc   0x0000005c   Code   RO        10875    i.prvProcessExpiredTimer  timers.o
    0x08014c28   0x08014c28   0x000000d8   Code   RO        10876    i.prvProcessReceivedCommands  timers.o
    0x08014d00   0x08014d00   0x0000006c   Code   RO        10877    i.prvProcessTimerOrBlockTask  timers.o
    0x08014d6c   0x08014d6c   0x00000024   Code   RO        10529    i.prvResetNextTaskUnblockTime  tasks.o
    0x08014d90   0x08014d90   0x0000002c   Code   RO        10878    i.prvSampleTimeNow  timers.o
    0x08014dbc   0x08014dbc   0x0000005e   Code   RO        10530    i.prvSearchForNameWithinSingleList  tasks.o
    0x08014e1a   0x08014e1a   0x00000002   PAD
    0x08014e1c   0x08014e1c   0x00000074   Code   RO        10879    i.prvSwitchTimerLists  timers.o
    0x08014e90   0x08014e90   0x00000018   Code   RO        10531    i.prvTaskCheckFreeStackSpace  tasks.o
    0x08014ea8   0x08014ea8   0x00000030   Code   RO        11454    i.prvTaskExitError  port.o
    0x08014ed8   0x08014ed8   0x00000014   Code   RO        10880    i.prvTimerTask      timers.o
    0x08014eec   0x08014eec   0x00000068   Code   RO        10194    i.prvUnlockQueue    queue.o
    0x08014f54   0x08014f54   0x000000e4   Code   RO        11405    i.pvPortMalloc      heap_4.o
    0x08015038   0x08015038   0x0000002c   Code   RO        11455    i.pxPortInitialiseStack  port.o
    0x08015064   0x08015064   0x00000084   Code   RO        11939    i.quat_normalization  AHRS.lib(ahrs.o)
    0x080150e8   0x080150e8   0x00000174   Code   RO         3784    i.raw_buf_init      protocol_send_task.o
    0x0801525c   0x0801525c   0x0000006c   Code   RO         3641    i.rc_involution_to_catch_wheel_speed  catch_task.o
    0x080152c8   0x080152c8   0x0000003a   Code   RO         3582    i.rc_to_servo_caluate  servo_task.o
    0x08015302   0x08015302   0x00000022   Code   RO         3262    i.rc_to_usb         remote_control.o
    0x08015324   0x08015324   0x00000002   Code   RO         4011    i.read_actual_electronic_state  electronic.o
    0x08015326   0x08015326   0x00000002   PAD
    0x08015328   0x08015328   0x00000018   Code   RO         4012    i.read_exepert_voltage  electronic.o
    0x08015340   0x08015340   0x0000002a   Code   RO         1310    i.receive_to_fifo   usbd_cdc_if.o
    0x0801536a   0x0801536a   0x00000002   PAD
    0x0801536c   0x0801536c   0x00000014   Code   RO         3263    i.remote_control_init  remote_control.o
    0x08015380   0x08015380   0x000000ac   Code   RO         3264    i.remote_data_dispatch  remote_control.o
    0x0801542c   0x0801542c   0x000000da   Code   RO         3265    i.sbus_to_rc        remote_control.o
    0x08015506   0x08015506   0x00000002   PAD
    0x08015508   0x08015508   0x00000014   Code   RO         3583    i.servo_init        servo_task.o
    0x0801551c   0x0801551c   0x00000038   Code   RO         2289    i.servo_pwm_set     bsp_servo_pwm.o
    0x08015554   0x08015554   0x00000034   Code   RO         3584    i.servo_task        servo_task.o
    0x08015588   0x08015588   0x0000003c   Code   RO         4013    i.set_actual_electronic_state  electronic.o
    0x080155c4   0x080155c4   0x00000020   Code   RO         2877    i.set_cali_gimbal_hook  gimbal_task.o
    0x080155e4   0x080155e4   0x0000007c   Code   RO         4014    i.set_exepert_voltage  electronic.o
    0x08015660   0x08015660   0x0000003e   Code   RO        12352    i.sqrtf             m_wm.l(sqrtf_full.o)
    0x0801569e   0x0801569e   0x00000002   PAD
    0x080156a0   0x080156a0   0x0000008c   Code   RO         3443    i.test_task         test_task.o
    0x0801572c   0x0801572c   0x00000018   Code   RO         2736    i.toe_is_error      detect_task.o
    0x08015744   0x08015744   0x00000068   Code   RO        10534    i.ulTaskNotifyTake  tasks.o
    0x080157ac   0x080157ac   0x00000028   Code   RO         3905    i.unpack_task       unpack_task.o
    0x080157d4   0x080157d4   0x0000007a   Code   RO        11940    i.update_w          AHRS.lib(ahrs.o)
    0x0801584e   0x0801584e   0x00000002   PAD
    0x08015850   0x08015850   0x00000074   Code   RO         2247    i.usart1_tx_dma_init  bsp_usart.o
    0x080158c4   0x080158c4   0x0000001c   Code   RO         3478    i.usb_task          usb_task.o
    0x080158e0   0x080158e0   0x00000020   Code   RO         3269    i.usb_to_rc         remote_control.o
    0x08015900   0x08015900   0x000004bc   Code   RO         3906    i.usb_unpack        unpack_task.o
    0x08015dbc   0x08015dbc   0x00000026   Code   RO        10147    i.uxListRemove      list.o
    0x08015de2   0x08015de2   0x00000002   PAD
    0x08015de4   0x08015de4   0x00000014   Code   RO        10536    i.uxTaskGetStackHighWaterMark  tasks.o
    0x08015df8   0x08015df8   0x00000018   Code   RO          377    i.vApplicationGetIdleTaskMemory  freertos.o
    0x08015e10   0x08015e10   0x00000018   Code   RO          378    i.vApplicationGetTimerTaskMemory  freertos.o
    0x08015e28   0x08015e28   0x00000016   Code   RO        10148    i.vListInitialise   list.o
    0x08015e3e   0x08015e3e   0x00000006   Code   RO        10149    i.vListInitialiseItem  list.o
    0x08015e44   0x08015e44   0x00000036   Code   RO        10150    i.vListInsert       list.o
    0x08015e7a   0x08015e7a   0x00000018   Code   RO        10151    i.vListInsertEnd    list.o
    0x08015e92   0x08015e92   0x00000002   PAD
    0x08015e94   0x08015e94   0x00000040   Code   RO        11457    i.vPortEnterCritical  port.o
    0x08015ed4   0x08015ed4   0x0000002c   Code   RO        11458    i.vPortExitCritical  port.o
    0x08015f00   0x08015f00   0x0000005c   Code   RO        11406    i.vPortFree         heap_4.o
    0x08015f5c   0x08015f5c   0x00000024   Code   RO        11459    i.vPortSetupTimerInterrupt  port.o
    0x08015f80   0x08015f80   0x00000054   Code   RO        11460    i.vPortValidateInterruptPriority  port.o
    0x08015fd4   0x08015fd4   0x00000028   Code   RO        10198    i.vQueueAddToRegistry  queue.o
    0x08015ffc   0x08015ffc   0x0000004a   Code   RO        10201    i.vQueueWaitForMessageRestricted  queue.o
    0x08016046   0x08016046   0x00000002   PAD
    0x08016048   0x08016048   0x00000050   Code   RO        10540    i.vTaskDelay        tasks.o
    0x08016098   0x08016098   0x00000010   Code   RO        10544    i.vTaskInternalSetTimeOutState  tasks.o
    0x080160a8   0x080160a8   0x0000000c   Code   RO        10545    i.vTaskMissedYield  tasks.o
    0x080160b4   0x080160b4   0x000000c0   Code   RO        10546    i.vTaskNotifyGiveFromISR  tasks.o
    0x08016174   0x08016174   0x00000034   Code   RO        10547    i.vTaskPlaceOnEventList  tasks.o
    0x080161a8   0x080161a8   0x0000003c   Code   RO        10548    i.vTaskPlaceOnEventListRestricted  tasks.o
    0x080161e4   0x080161e4   0x00000090   Code   RO        10555    i.vTaskStartScheduler  tasks.o
    0x08016274   0x08016274   0x00000010   Code   RO        10557    i.vTaskSuspendAll   tasks.o
    0x08016284   0x08016284   0x00000060   Code   RO        10558    i.vTaskSwitchContext  tasks.o
    0x080162e4   0x080162e4   0x00000104   Code   RO        11461    i.xPortStartScheduler  port.o
    0x080163e8   0x080163e8   0x00000070   Code   RO        10205    i.xQueueGenericCreateStatic  queue.o
    0x08016458   0x08016458   0x00000090   Code   RO        10206    i.xQueueGenericReset  queue.o
    0x080164e8   0x080164e8   0x00000170   Code   RO        10207    i.xQueueGenericSend  queue.o
    0x08016658   0x08016658   0x000000bc   Code   RO        10208    i.xQueueGenericSendFromISR  queue.o
    0x08016714   0x08016714   0x00000148   Code   RO        10216    i.xQueueReceive     queue.o
    0x0801685c   0x0801685c   0x00000098   Code   RO        10560    i.xTaskCheckForTimeOut  tasks.o
    0x080168f4   0x080168f4   0x0000006c   Code   RO        10561    i.xTaskCreate       tasks.o
    0x08016960   0x08016960   0x00000060   Code   RO        10562    i.xTaskCreateStatic  tasks.o
    0x080169c0   0x080169c0   0x0000008c   Code   RO        10566    i.xTaskGetHandle    tasks.o
    0x08016a4c   0x08016a4c   0x0000001c   Code   RO        10567    i.xTaskGetSchedulerState  tasks.o
    0x08016a68   0x08016a68   0x0000000c   Code   RO        10568    i.xTaskGetTickCount  tasks.o
    0x08016a74   0x08016a74   0x000000d0   Code   RO        10570    i.xTaskIncrementTick  tasks.o
    0x08016b44   0x08016b44   0x0000009c   Code   RO        10573    i.xTaskPriorityDisinherit  tasks.o
    0x08016be0   0x08016be0   0x00000078   Code   RO        10575    i.xTaskRemoveFromEventList  tasks.o
    0x08016c58   0x08016c58   0x000000cc   Code   RO        10576    i.xTaskResumeAll    tasks.o
    0x08016d24   0x08016d24   0x00000068   Code   RO        10885    i.xTimerCreateTimerTask  timers.o
    0x08016d8c   0x08016d8c   0x00000074   Code   RO        10886    i.xTimerGenericCommand  timers.o
    0x08016e00   0x08016e00   0x0000002c   Code   RO        12702    locale$$code        c_w.l(lc_numeric_c.o)
    0x08016e2c   0x08016e2c   0x0000002c   Code   RO        12737    locale$$code        c_w.l(lc_ctype_c.o)
    0x08016e58   0x08016e58   0x000002c4   Code   RO        12260    x$fpl$d2f           g_wm.l(d2f_clz.o)
    0x0801711c   0x0801711c   0x0000024c   Code   RO        12262    x$fpl$dadd          g_wm.l(daddsub_clz.o)
    0x08017368   0x08017368   0x0000037c   Code   RO        12269    x$fpl$ddiv          g_wm.l(ddiv_clz.o)
    0x080176e4   0x080176e4   0x000000c8   Code   RO        12272    x$fpl$dfix          g_wm.l(dfix.o)
    0x080177ac   0x080177ac   0x0000002e   Code   RO        12277    x$fpl$dflt          g_wm.l(dflt_clz.o)
    0x080177da   0x080177da   0x0000001a   Code   RO        12278    x$fpl$dfltn         g_wm.l(dflt_clz.o)
    0x080177f4   0x080177f4   0x00000026   Code   RO        12276    x$fpl$dfltu         g_wm.l(dflt_clz.o)
    0x0801781a   0x0801781a   0x00000002   PAD
    0x0801781c   0x0801781c   0x000001c0   Code   RO        12284    x$fpl$dmul          g_wm.l(dmul_clz.o)
    0x080179dc   0x080179dc   0x00000102   Code   RO        12542    x$fpl$dnaninf       g_wm.l(dnaninf.o)
    0x08017ade   0x08017ade   0x00000070   Code   RO        12544    x$fpl$drenorm       g_wm.l(drenorm_clz.o)
    0x08017b4e   0x08017b4e   0x0000000c   Code   RO        12546    x$fpl$dretinf       g_wm.l(dretinf.o)
    0x08017b5a   0x08017b5a   0x00000002   PAD
    0x08017b5c   0x08017b5c   0x0000029c   Code   RO        12264    x$fpl$dsub          g_wm.l(daddsub_clz.o)
    0x08017df8   0x08017df8   0x0000017a   Code   RO        12550    x$fpl$dunder        g_wm.l(dunder_clz.o)
    0x08017f72   0x08017f72   0x00000002   PAD
    0x08017f74   0x08017f74   0x000001ec   Code   RO        12552    x$fpl$exception     g_wm.l(except.o)
    0x08018160   0x08018160   0x0000007a   Code   RO        12288    x$fpl$f2d           g_wm.l(f2d.o)
    0x080181da   0x080181da   0x000000f2   Code   RO        12554    x$fpl$fnaninf       g_wm.l(fnaninf.o)
    0x080182cc   0x080182cc   0x0000000a   Code   RO        12654    x$fpl$fpinit        g_wm.l(fpinit.o)
    0x080182d6   0x080182d6   0x0000000a   Code   RO        12556    x$fpl$fretinf       g_wm.l(fretinf.o)
    0x080182e0   0x080182e0   0x0000013c   Code   RO        12558    x$fpl$funder        g_wm.l(funder_clz.o)
    0x0801841c   0x0801841c   0x00000020   Code   RO        12724    x$fpl$ieeestatus    g_wm.l(istatus.o)
    0x0801843c   0x0801843c   0x00000004   Code   RO        12560    x$fpl$printf1       g_wm.l(printf1.o)
    0x08018440   0x08018440   0x00000004   Code   RO        12562    x$fpl$printf2       g_wm.l(printf2.o)
    0x08018444   0x08018444   0x000000b2   Code   RO        12656    x$fpl$retnan        g_wm.l(retnan.o)
    0x080184f6   0x080184f6   0x0000007e   Code   RO        12568    x$fpl$trapveneer    g_wm.l(trapv.o)
    0x08018574   0x08018574   0x00000000   Code   RO        12570    x$fpl$usenofp       g_wm.l(usenofp.o)
    0x08018574   0x08018574   0x000001c0   Data   RO          380    .constdata          freertos.o
    0x08018734   0x08018734   0x00000018   Data   RO         1562    .constdata          system_stm32f4xx.o
    0x0801874c   0x0801874c   0x0000000f   Data   RO         2325    .constdata          calibrate_task.o
    0x0801875b   0x0801875b   0x00000001   PAD
    0x0801875c   0x0801875c   0x00000020   Data   RO         2675    .constdata          chassis_task.o
    0x0801877c   0x0801877c   0x00000054   Data   RO         2738    .constdata          detect_task.o
    0x080187d0   0x080187d0   0x00000018   Data   RO         3010    .constdata          ins_task.o
    0x080187e8   0x080187e8   0x00001164   Data   RO         3127    .constdata          oled_task.o
    0x0801994c   0x0801994c   0x00000018   Data   RO         3643    .constdata          catch_task.o
    0x08019964   0x08019964   0x0000115c   Data   RO         4095    .constdata          oled.o
    0x0801aac0   0x0801aac0   0x00000012   Data   RO         4221    .constdata          bmi088driver.o
    0x0801aad2   0x0801aad2   0x0000000c   Data   RO         4412    .constdata          ist8310driver.o
    0x0801aade   0x0801aade   0x00000008   Data   RO         6284    .constdata          stm32f4xx_hal_dma.o
    0x0801aae6   0x0801aae6   0x00000002   PAD
    0x0801aae8   0x0801aae8   0x0000000c   Data   RO        11941    .constdata          AHRS.lib(ahrs.o)
    0x0801aaf4   0x0801aaf4   0x00000804   Data   RO        12151    .constdata          arm_cortexM4lf_math.lib(arm_common_tables.o)
    0x0801b2f8   0x0801b2f8   0x00000008   Data   RO        12419    .constdata          c_w.l(_printf_wctomb.o)
    0x0801b300   0x0801b300   0x00000028   Data   RO        12448    .constdata          c_w.l(_printf_hex_int_ll_ptr.o)
    0x0801b328   0x0801b328   0x00000011   Data   RO        12468    .constdata          c_w.l(__printf_flags_ss_wp.o)
    0x0801b339   0x0801b339   0x00000026   Data   RO        12634    .constdata          c_w.l(_printf_fp_hex.o)
    0x0801b35f   0x0801b35f   0x00000001   PAD
    0x0801b360   0x0801b360   0x00000094   Data   RO        12677    .constdata          c_w.l(bigflt0.o)
    0x0801b3f4   0x0801b3f4   0x00000095   Data   RO          381    .conststring        freertos.o
    0x0801b489   0x0801b489   0x00000003   PAD
    0x0801b48c   0x0801b48c   0x00000020   Data   RO        12791    Region$$Table       anon$$obj.o
    0x0801b4ac   0x0801b4ac   0x0000001c   Data   RO        12701    locale$$data        c_w.l(lc_numeric_c.o)
    0x0801b4c8   0x0801b4c8   0x00000110   Data   RO        12736    locale$$data        c_w.l(lc_ctype_c.o)


    Execution Region RW_IRAM1 (Exec base: 0x20000000, Load base: 0x0801b5d8, Size: 0x0000e7c8, Max: 0x00020000, ABSOLUTE, COMPRESSED[0x00000180])

    Exec Addr    Load Addr    Size         Type   Attr      Idx    E Section Name        Object

    0x20000000   COMPRESSED   0x00000048   Data   RW          382    .data               freertos.o
    0x20000048   COMPRESSED   0x00000004   Data   RW          545    .data               can.o
    0x2000004c   COMPRESSED   0x00000008   Data   RW          592    .data               crc.o
    0x20000054   COMPRESSED   0x0000004e   Data   RW         1224    .data               usbd_desc.o
    0x200000a2   COMPRESSED   0x00000002   PAD
    0x200000a4   COMPRESSED   0x00000010   Data   RW         1312    .data               usbd_cdc_if.o
    0x200000b4   COMPRESSED   0x00000004   Data   RW         1563    .data               system_stm32f4xx.o
    0x200000b8   COMPRESSED   0x00000004   Data   RW         1603    .data               bsp_adc.o
    0x200000bc   COMPRESSED   0x00000008   Data   RW         1847    .data               bsp_delay.o
    0x200000c4   COMPRESSED   0x00000010   Data   RW         1888    .data               bsp_flash.o
    0x200000d4   COMPRESSED   0x00000008   Data   RW         2112    .data               bsp_led.o
    0x200000dc   COMPRESSED   0x00000054   Data   RW         2326    .data               calibrate_task.o
    0x20000130   COMPRESSED   0x00000011   Data   RW         2444    .data               can_receive.o
    0x20000141   COMPRESSED   0x00000003   PAD
    0x20000144   COMPRESSED   0x00000011   Data   RW         2552    .data               chassis_behaviour.o
    0x20000155   COMPRESSED   0x00000003   PAD
    0x20000158   COMPRESSED   0x00000004   Data   RW         2676    .data               chassis_task.o
    0x2000015c   COMPRESSED   0x00000009   Data   RW         2739    .data               detect_task.o
    0x20000165   COMPRESSED   0x00000003   PAD
    0x20000168   COMPRESSED   0x0000001c   Data   RW         2786    .data               gimbal_behaviour.o
    0x20000184   COMPRESSED   0x000000b8   Data   RW         3011    .data               ins_task.o
    0x2000023c   COMPRESSED   0x00000017   Data   RW         3128    .data               oled_task.o
    0x20000253   COMPRESSED   0x00000001   PAD
    0x20000254   COMPRESSED   0x00000003   Data   RW         3271    .data               remote_control.o
    0x20000257   COMPRESSED   0x00000001   PAD
    0x20000258   COMPRESSED   0x0000000a   Data   RW         3444    .data               test_task.o
    0x20000262   COMPRESSED   0x00000002   PAD
    0x20000264   COMPRESSED   0x00000008   Data   RW         3480    .data               usb_task.o
    0x2000026c   COMPRESSED   0x00000008   Data   RW         3520    .data               voltage_task.o
    0x20000274   COMPRESSED   0x0000001c   Data   RW         3556    .data               led_flow_task.o
    0x20000290   COMPRESSED   0x0000000a   Data   RW         3585    .data               servo_task.o
    0x2000029a   COMPRESSED   0x00000002   PAD
    0x2000029c   COMPRESSED   0x00000020   Data   RW         3644    .data               catch_task.o
    0x200002bc   COMPRESSED   0x00000001   Data   RW         3757    .data               catch_behaviour.o
    0x200002bd   COMPRESSED   0x00000003   PAD
    0x200002c0   COMPRESSED   0x00000011   Data   RW         3788    .data               protocol_send_task.o
    0x200002d1   COMPRESSED   0x00000003   PAD
    0x200002d4   COMPRESSED   0x00000004   Data   RW         3854    .data               protocol_receive_task.o
    0x200002d8   COMPRESSED   0x0000000c   Data   RW         3908    .data               unpack_task.o
    0x200002e4   COMPRESSED   0x00000004   Data   RW         4016    .data               electronic.o
    0x200002e8   COMPRESSED   0x00000008   Data   RW         4096    .data               oled.o
    0x200002f0   COMPRESSED   0x0000002c   Data   RW         4222    .data               bmi088driver.o
    0x2000031c   COMPRESSED   0x0000000c   Data   RW         6706    .data               stm32f4xx_hal.o
    0x20000328   COMPRESSED   0x0000003c   Data   RW        10579    .data               tasks.o
    0x20000364   COMPRESSED   0x00000014   Data   RW        10894    .data               timers.o
    0x20000378   COMPRESSED   0x00000018   Data   RW        11411    .data               heap_4.o
    0x20000390   COMPRESSED   0x0000000c   Data   RW        11462    .data               port.o
    0x2000039c   COMPRESSED   0x00000001   Data   RW        11684    .data               usbd_ctlreq.o
    0x2000039d   COMPRESSED   0x00000003   PAD
    0x200003a0   COMPRESSED   0x000000d7   Data   RW        11840    .data               usbd_cdc.o
    0x20000477   COMPRESSED   0x00000001   PAD
    0x20000478   COMPRESSED   0x00000038   Data   RW        11841    .data               usbd_cdc.o
    0x200004b0   COMPRESSED   0x00000010   Data   RW        11942    .data               AHRS.lib(ahrs.o)
    0x200004c0        -       0x000006a8   Zero   RW          379    .bss                freertos.o
    0x20000b68        -       0x00000090   Zero   RW          496    .bss                adc.o
    0x20000bf8        -       0x00000050   Zero   RW          544    .bss                can.o
    0x20000c48        -       0x0000015c   Zero   RW          660    .bss                i2c.o
    0x20000da4        -       0x00000010   Zero   RW          712    .bss                rng.o
    0x20000db4        -       0x00000020   Zero   RW          754    .bss                rtc.o
    0x20000dd4        -       0x00000170   Zero   RW          797    .bss                spi.o
    0x20000f44        -       0x00000180   Zero   RW          850    .bss                tim.o
    0x200010c4        -       0x000002a0   Zero   RW          924    .bss                usart.o
    0x20001364        -       0x0000029c   Zero   RW          974    .bss                usb_device.o
    0x20001600        -       0x00000628   Zero   RW         1038    .bss                usbd_conf.o
    0x20001c28        -       0x00000200   Zero   RW         1223    .bss                usbd_desc.o
    0x20001e28        -       0x00001000   Zero   RW         1311    .bss                usbd_cdc_if.o
    0x20002e28        -       0x00000040   Zero   RW         1524    .bss                stm32f4xx_hal_timebase_tim.o
    0x20002e68        -       0x00000010   Zero   RW         1602    .bss                bsp_adc.o
    0x20002e78        -       0x00000115   Zero   RW         2324    .bss                calibrate_task.o
    0x20002f8d   COMPRESSED   0x00000003   PAD
    0x20002f90        -       0x00000078   Zero   RW         2443    .bss                can_receive.o
    0x20003008        -       0x0000022c   Zero   RW         2674    .bss                chassis_task.o
    0x20003234        -       0x0000021c   Zero   RW         2737    .bss                detect_task.o
    0x20003450        -       0x000001e8   Zero   RW         2878    .bss                gimbal_task.o
    0x20003638        -       0x00000190   Zero   RW         3009    .bss                ins_task.o
    0x200037c8        -       0x00000055   Zero   RW         3166    .bss                referee.o
    0x2000381d        -       0x00000072   Zero   RW         3270    .bss                remote_control.o
    0x2000388f   COMPRESSED   0x00000001   PAD
    0x20003890        -       0x000001b8   Zero   RW         3642    .bss                catch_task.o
    0x20003a48        -       0x00000518   Zero   RW         3853    .bss                protocol_receive_task.o
    0x20003f60        -       0x00000148   Zero   RW         3907    .bss                unpack_task.o
    0x200040a8        -       0x00000028   Zero   RW         3972    .bss                read_angle.o
    0x200040d0        -       0x0000001c   Zero   RW         4015    .bss                electronic.o
    0x200040ec        -       0x00000417   Zero   RW         4094    .bss                oled.o
    0x20004503   COMPRESSED   0x00000001   PAD
    0x20004504        -       0x00000020   Zero   RW         5938    .bss                stm32f4xx_hal_flash.o
    0x20004524        -       0x00000040   Zero   RW        10219    .bss                queue.o
    0x20004564        -       0x000000f0   Zero   RW        10578    .bss                tasks.o
    0x20004654        -       0x00000110   Zero   RW        10893    .bss                timers.o
    0x20004764        -       0x00006000   Zero   RW        11410    .bss                heap_4.o
    0x2000a764        -       0x00000060   Zero   RW        12593    .bss                c_w.l(libspace.o)
    0x2000a7c4   COMPRESSED   0x00000004   PAD
    0x2000a7c8        -       0x00002000   Zero   RW            2    HEAP                startup_stm32f407xx.o
    0x2000c7c8        -       0x00002000   Zero   RW            1    STACK               startup_stm32f407xx.o


==============================================================================

Image component sizes


      Code (inc. data)   RO Data    RW Data    ZI Data      Debug   Object Name

       396         42          0          0        144       2634   adc.o
       168          4          0          0          0       6008   ahrs_middleware.o
      2338         40         18         44          0      11451   bmi088driver.o
       140         28          0          0          0       5384   bmi088middleware.o
       288         44          0          4         16     630292   bsp_adc.o
        36         12          0          0          0       1109   bsp_buzzer.o
        92          8          0          0          0        650   bsp_can.o
       128         20          0          8          0       1512   bsp_delay.o
       694        108          0         16          0       4425   bsp_flash.o
      1260        100          0          0          0       6393   bsp_i2c.o
        12          4          0          0          0        562   bsp_imu_pwm.o
       104         22          0          8          0        652   bsp_led.o
       260         28          0          0          0       2211   bsp_rc.o
        56          4          0          0          0        640   bsp_servo_pwm.o
     10428        170          0          0          0       5778   bsp_spi.o
       116         12          0          0          0        569   bsp_usart.o
      2062        108         15         84        277      18810   calibrate_task.o
       488         44          0          4         80       2702   can.o
       476         64          0         17        120       7426   can_receive.o
       116          6          0          1          0       1550   catch_behaviour.o
      2808        178         24         32        440      16213   catch_task.o
       936         74          0         17          0      15958   chassis_behaviour.o
       464         36          0          0          0       2020   chassis_power_control.o
      2418        126         32          4        556       8796   chassis_task.o
       130          0          0          0          0      22587   cmsis_os.o
        84         18          0          8          0       1703   crc.o
      1372         50         84          9        540       4301   detect_task.o
       200          6          0          0          0        962   dma.o
       290         32          0          4         28       4653   electronic.o
         0          0          0          0          0      18076   event_groups.o
       258          0          0          0          0       9687   fifo.o
       504         86        597         72       1704      15756   freertos.o
        44          6          0         28          0       5033   gimbal_behaviour.o
       784         32          0          0        488       6711   gimbal_task.o
       596         30          0          0          0       1435   gpio.o
       492         32          0         24      24576       5311   heap_4.o
       700         80          0          0        348       3436   i2c.o
      4240        320         24        184        400      15371   ins_task.o
       148          6         12          0          0       1643   ist8310driver.o
       136         22          0          0          0       4427   ist8310driver_middleware.o
       432         10          0         28          0       1845   led_flow_task.o
       144          0          0          0          0       3962   list.o
       370         20          0          0          0     796172   main.o
      1092         56       4444          8       1047      11947   oled.o
       532         42       4452         23          0       3206   oled_task.o
       592          8          0          0          0       2098   pid.o
       814         92          0         12          0      12749   port.o
        56         16          0          4       1304       1534   protocol_receive_task.o
       600         24          0         17          0       4496   protocol_send_task.o
      1584         24          0          0         64      15956   queue.o
       336         20          0          0         40       1649   read_angle.o
        40         10          0          0         85       5889   referee.o
       774         62          0          3        114      11615   remote_control.o
        84         18          0          0         16       1703   rng.o
        76         16          0          0         32       1655   rtc.o
       130         14          0         10          0       3081   servo_task.o
       604         54          0          0        368       2868   spi.o
        64         26        392          0      16384        908   startup_stm32f407xx.o
       120         20          0         12          0       4254   stm32f4xx_hal.o
      1234         44          0          0          0       5726   stm32f4xx_hal_adc.o
      2004          6          0          0          0      16227   stm32f4xx_hal_can.o
       168         12          0          0          0      33094   stm32f4xx_hal_cortex.o
        40          0          0          0          0       1183   stm32f4xx_hal_crc.o
      1084         18          8          0          0       6419   stm32f4xx_hal_dma.o
       564         74          0          0         32       6706   stm32f4xx_hal_flash.o
       380         24          0          0          0       3666   stm32f4xx_hal_flash_ex.o
       550         28          0          0          0       3407   stm32f4xx_hal_gpio.o
      3244         64          0          0          0      16556   stm32f4xx_hal_i2c.o
        84          6          0          0          0        958   stm32f4xx_hal_msp.o
      2534         18          0          0          0      14445   stm32f4xx_hal_pcd.o
        84          0          0          0          0       2801   stm32f4xx_hal_pcd_ex.o
      1698        108          0          0          0       7561   stm32f4xx_hal_rcc.o
       380         34          0          0          0       1644   stm32f4xx_hal_rcc_ex.o
        52          0          0          0          0       1215   stm32f4xx_hal_rng.o
       312          0          0          0          0       2960   stm32f4xx_hal_rtc.o
       900          8          0          0          0       4941   stm32f4xx_hal_spi.o
      1836         46          0          0          0      18529   stm32f4xx_hal_tim.o
       184          0          0          0          0       3713   stm32f4xx_hal_tim_ex.o
       140         18          0          0         64       1636   stm32f4xx_hal_timebase_tim.o
      1634         28          0          0          0      10612   stm32f4xx_hal_uart.o
       196         50          0          0          0       9787   stm32f4xx_it.o
      2762        110          0          0          0      25294   stm32f4xx_ll_usb.o
       100         18         24          4          0       1343   system_stm32f4xx.o
      2878        244          0         60        240      33325   tasks.o
       264         28          0         10          0       2252   test_task.o
      2144        162          0          0        384       7423   tim.o
      1016         96          0         20        272      28423   timers.o
      1560         84          0         12        328       7334   unpack_task.o
      1000         94          0          0        672       3915   usart.o
        76         16          0          0        668        872   usb_device.o
        28          4          0          8          0       2586   usb_task.o
       836         16          0        271          0      14806   usbd_cdc.o
       234         22          0         16       4096       4734   usbd_cdc_if.o
      1004         24          0          0       1576      18584   usbd_conf.o
       736          0          0          0          0      14137   usbd_core.o
      1644         30          0          1          0      12716   usbd_ctlreq.o
       386        122          0         78        512       7305   usbd_desc.o
       132          0          0          0          0       4960   usbd_ioreq.o
       258          4          0          0          0       3495   user_lib.o
       336         72          0          8          0       2305   voltage_task.o

    ----------------------------------------------------------------------
     81492       4266      10164       1200      58020    2132019   Object Totals
         0          0         32          0          0          0   (incl. Generated)
        90          0          6         27          5          0   (incl. Padding)

    ----------------------------------------------------------------------

      Code (inc. data)   RO Data    RW Data    ZI Data      Debug   Library Member Name

      2718         84         12         16          0       9922   ahrs.o
         0          0       2052          0          0       4636   arm_common_tables.o
       120         12          0          0          0      16970   arm_cos_f32.o
       116         12          0          0          0        658   arm_sin_f32.o
        90          0          0          0          0          0   __dczerorl2.o
         8          0          0          0          0         68   __main.o
       392          4         17          0          0         92   __printf_flags_ss_wp.o
        14          0          0          0          0         68   __printf_wp.o
         0          0          0          0          0          0   __rtentry.o
        12          0          0          0          0          0   __rtentry2.o
         6          0          0          0          0          0   __rtentry4.o
        52          8          0          0          0          0   __scatter.o
        28          0          0          0          0          0   __scatter_zi.o
        48          4          0          0          0         84   _fptrap.o
         6          0          0          0          0          0   _printf_a.o
         6          0          0          0          0          0   _printf_c.o
        44          0          0          0          0        108   _printf_char.o
        48          6          0          0          0         96   _printf_char_common.o
        40          0          0          0          0         68   _printf_charcount.o
         6          0          0          0          0          0   _printf_d.o
       120         16          0          0          0         92   _printf_dec.o
         6          0          0          0          0          0   _printf_e.o
         6          0          0          0          0          0   _printf_f.o
      1050          0          0          0          0        216   _printf_fp_dec.o
       764         10         38          0          0        100   _printf_fp_hex.o
       128         16          0          0          0         84   _printf_fp_infnan.o
         6          0          0          0          0          0   _printf_g.o
       148          4         40          0          0        160   _printf_hex_int_ll_ptr.o
         6          0          0          0          0          0   _printf_i.o
       178          0          0          0          0         88   _printf_intcommon.o
        10          0          0          0          0          0   _printf_l.o
         6          0          0          0          0          0   _printf_lc.o
        10          0          0          0          0          0   _printf_ll.o
         6          0          0          0          0          0   _printf_lld.o
         6          0          0          0          0          0   _printf_lli.o
         6          0          0          0          0          0   _printf_llo.o
         6          0          0          0          0          0   _printf_llu.o
         6          0          0          0          0          0   _printf_llx.o
       124         16          0          0          0         92   _printf_longlong_dec.o
         6          0          0          0          0          0   _printf_ls.o
         6          0          0          0          0          0   _printf_n.o
         6          0          0          0          0          0   _printf_o.o
       112          8          0          0          0        124   _printf_oct_int_ll.o
         6          0          0          0          0          0   _printf_p.o
        78          0          0          0          0        108   _printf_pad.o
         0          0          0          0          0          0   _printf_percent.o
         4          0          0          0          0          0   _printf_percent_end.o
         6          0          0          0          0          0   _printf_s.o
        82          0          0          0          0         80   _printf_str.o
        36          0          0          0          0         84   _printf_truncate.o
         6          0          0          0          0          0   _printf_u.o
        44          0          0          0          0        108   _printf_wchar.o
       188          6          8          0          0         92   _printf_wctomb.o
         6          0          0          0          0          0   _printf_x.o
        22          0          0          0          0        100   _rserrno.o
        10          0          0          0          0         68   _sputc.o
        64          0          0          0          0         92   _wcrtomb.o
        16          0          0          0          0         68   aeabi_memset.o
       220          4        148          0          0         96   bigflt0.o
      1910        128          0          0          0        672   btod.o
        10          0          0          0          0         68   defsig_exit.o
       172        110          0          0          0         76   defsig_fpe_inner.o
        14          0          0          0          0         80   defsig_fpe_outer.o
        50          0          0          0          0         88   defsig_general.o
        18          0          0          0          0         80   exit.o
         6          0          0          0          0        152   heapauxi.o
         0          0          0          0          0          0   indicate_semi.o
        44         10        272          0          0         76   lc_ctype_c.o
        44         10         28          0          0         76   lc_numeric_c.o
         2          0          0          0          0          0   libinit.o
        34          0          0          0          0          0   libinit2.o
         2          0          0          0          0          0   libshutdown.o
         2          0          0          0          0          0   libshutdown2.o
         8          4          0          0         96         68   libspace.o
       138          0          0          0          0         80   lludiv10.o
       238          0          0          0          0        100   lludivv7m.o
        16          4          0          0          0         76   rt_ctype_table.o
         8          4          0          0          0         68   rt_errno_addr_intlibspace.o
         8          4          0          0          0         68   rt_locale_intlibspace.o
        68          0          0          0          0         68   rt_memclr.o
        78          0          0          0          0         80   rt_memclr_w.o
       138          0          0          0          0         68   rt_memcpy_v6.o
       100          0          0          0          0         80   rt_memcpy_w.o
         2          0          0          0          0          0   rtexit.o
        10          0          0          0          0          0   rtexit2.o
       128          0          0          0          0         68   strcmpv7m.o
        62          0          0          0          0         76   strlen.o
        12          4          0          0          0         68   sys_exit.o
        74          0          0          0          0         80   sys_stackheap_outer.o
        14          0          0          0          0         76   sys_wrch.o
         2          0          0          0          0         68   use_no_semi.o
        36          4          0          0          0         76   vsprintf.o
       708         16          0          0          0        140   d2f_clz.o
      1256         28          0          0          0        408   daddsub_clz.o
       892        152          0          0          0        292   ddiv_clz.o
       200         16          0          0          0        184   dfix.o
       110          0          0          0          0        348   dflt_clz.o
       448         16          0          0          0        164   dmul_clz.o
       258          4          0          0          0        156   dnaninf.o
       112          0          0          0          0        160   drenorm_clz.o
        12          0          0          0          0        116   dretinf.o
       378          0          0          0          0        168   dunder_clz.o
       492         36          0          0          0        148   except.o
       122          8          0          0          0        132   f2d.o
       242          4          0          0          0        144   fnaninf.o
        10          0          0          0          0        116   fpinit.o
        10          0          0          0          0        116   fretinf.o
       316          0          0          0          0        132   funder_clz.o
        32          4          0          0          0        116   istatus.o
         4          0          0          0          0        116   printf1.o
         4          0          0          0          0        116   printf2.o
       178          0          0          0          0        116   retnan.o
       126          0          0          0          0        148   trapv.o
         0          0          0          0          0          0   usenofp.o
       300         42          0          0          0        176   asinf.o
       592         90          0          0          0        184   atan2f.o
        20          0          0          0          0        124   fabs.o
        48          0          0          0          0        124   fpclassify.o
        38          0          0          0          0        116   fpclassifyf.o
        44         12          0          0          0        464   funder.o
       120          0          0          0          0        272   sqrtf_full.o

    ----------------------------------------------------------------------
     17816        920       2616         16        100      42254   Library Totals
        32          0          1          0          4          0   (incl. Padding)

    ----------------------------------------------------------------------

      Code (inc. data)   RO Data    RW Data    ZI Data      Debug   Library Name

      2718         84         12         16          0       9922   AHRS.lib
       236         24       2052          0          0      22264   arm_cortexM4lf_math.lib
      7758        384        551          0         96       5072   c_w.l
      5910        284          0          0          0       3536   g_wm.l
      1162        144          0          0          0       1460   m_wm.l

    ----------------------------------------------------------------------
     17816        920       2616         16        100      42254   Library Totals

    ----------------------------------------------------------------------

==============================================================================


      Code (inc. data)   RO Data    RW Data    ZI Data      Debug   

     99308       5186      12780       1216      58120    2107213   Grand Totals
     99308       5186      12780        384      58120    2107213   ELF Image Totals (compressed)
     99308       5186      12780        384          0          0   ROM Totals

==============================================================================

    Total RO  Size (Code + RO Data)               112088 ( 109.46kB)
    Total RW  Size (RW Data + ZI Data)             59336 (  57.95kB)
    Total ROM Size (Code + RO Data + RW Data)     112472 ( 109.84kB)

==============================================================================

